Archive member included to satisfy reference by file (symbol)

h:/si/developer/toolchains/gnu_arm/10.3_2021.10/bin/../lib/gcc/arm-none-eabi/10.3.1/../../../../arm-none-eabi/lib/thumb/v8-m.main+fp/hard\libc_nano.a(lib_a-exit.o)
                              h:/si/developer/toolchains/gnu_arm/10.3_2021.10/bin/../lib/gcc/arm-none-eabi/10.3.1/../../../../arm-none-eabi/lib/thumb/v8-m.main+fp/hard/crt0.o (exit)
h:/si/developer/toolchains/gnu_arm/10.3_2021.10/bin/../lib/gcc/arm-none-eabi/10.3.1/../../../../arm-none-eabi/lib/thumb/v8-m.main+fp/hard\libc_nano.a(lib_a-impure.o)
                              h:/si/developer/toolchains/gnu_arm/10.3_2021.10/bin/../lib/gcc/arm-none-eabi/10.3.1/../../../../arm-none-eabi/lib/thumb/v8-m.main+fp/hard\libc_nano.a(lib_a-exit.o) (_global_impure_ptr)
h:/si/developer/toolchains/gnu_arm/10.3_2021.10/bin/../lib/gcc/arm-none-eabi/10.3.1/../../../../arm-none-eabi/lib/thumb/v8-m.main+fp/hard\libc_nano.a(lib_a-init.o)
                              h:/si/developer/toolchains/gnu_arm/10.3_2021.10/bin/../lib/gcc/arm-none-eabi/10.3.1/../../../../arm-none-eabi/lib/thumb/v8-m.main+fp/hard/crt0.o (__libc_init_array)
h:/si/developer/toolchains/gnu_arm/10.3_2021.10/bin/../lib/gcc/arm-none-eabi/10.3.1/../../../../arm-none-eabi/lib/thumb/v8-m.main+fp/hard\libc_nano.a(lib_a-memset.o)
                              h:/si/developer/toolchains/gnu_arm/10.3_2021.10/bin/../lib/gcc/arm-none-eabi/10.3.1/../../../../arm-none-eabi/lib/thumb/v8-m.main+fp/hard/crt0.o (memset)
h:/si/developer/toolchains/gnu_arm/10.3_2021.10/bin/../lib/gcc/arm-none-eabi/10.3.1/../../../../arm-none-eabi/lib/thumb/v8-m.main+fp/hard\libnosys.a(_exit.o)
                              h:/si/developer/toolchains/gnu_arm/10.3_2021.10/bin/../lib/gcc/arm-none-eabi/10.3.1/../../../../arm-none-eabi/lib/thumb/v8-m.main+fp/hard\libc_nano.a(lib_a-exit.o) (_exit)

Discarded input sections

 .text          0x00000000        0x0 h:/si/developer/toolchains/gnu_arm/10.3_2021.10/bin/../lib/gcc/arm-none-eabi/10.3.1/thumb/v8-m.main+fp/hard/crti.o
 .data          0x00000000        0x0 h:/si/developer/toolchains/gnu_arm/10.3_2021.10/bin/../lib/gcc/arm-none-eabi/10.3.1/thumb/v8-m.main+fp/hard/crti.o
 .bss           0x00000000        0x0 h:/si/developer/toolchains/gnu_arm/10.3_2021.10/bin/../lib/gcc/arm-none-eabi/10.3.1/thumb/v8-m.main+fp/hard/crti.o
 .data          0x00000000        0x4 h:/si/developer/toolchains/gnu_arm/10.3_2021.10/bin/../lib/gcc/arm-none-eabi/10.3.1/thumb/v8-m.main+fp/hard/crtbegin.o
 .rodata        0x00000000       0x24 h:/si/developer/toolchains/gnu_arm/10.3_2021.10/bin/../lib/gcc/arm-none-eabi/10.3.1/thumb/v8-m.main+fp/hard/crtbegin.o
 .data          0x00000000        0x0 h:/si/developer/toolchains/gnu_arm/10.3_2021.10/bin/../lib/gcc/arm-none-eabi/10.3.1/../../../../arm-none-eabi/lib/thumb/v8-m.main+fp/hard/crt0.o
 .bss           0x00000000        0x0 h:/si/developer/toolchains/gnu_arm/10.3_2021.10/bin/../lib/gcc/arm-none-eabi/10.3.1/../../../../arm-none-eabi/lib/thumb/v8-m.main+fp/hard/crt0.o
 .ARM.extab     0x00000000        0x0 h:/si/developer/toolchains/gnu_arm/10.3_2021.10/bin/../lib/gcc/arm-none-eabi/10.3.1/../../../../arm-none-eabi/lib/thumb/v8-m.main+fp/hard/crt0.o
 .text          0x00000000        0x0 vscode-build/sdk/platform/common/src/sl_assert.o
 .data          0x00000000        0x0 vscode-build/sdk/platform/common/src/sl_assert.o
 .bss           0x00000000        0x0 vscode-build/sdk/platform/common/src/sl_assert.o
 .text          0x00000000        0x0 vscode-build/sdk/platform/common/toolchain/src/sl_memory.o
 .data          0x00000000        0x0 vscode-build/sdk/platform/common/toolchain/src/sl_memory.o
 .bss           0x00000000        0x0 vscode-build/sdk/platform/common/toolchain/src/sl_memory.o
 .text.sl_memory_get_stack_region
                0x00000000       0x10 vscode-build/sdk/platform/common/toolchain/src/sl_memory.o
 .text.sl_memory_get_heap_region
                0x00000000       0x14 vscode-build/sdk/platform/common/toolchain/src/sl_memory.o
 .text._sbrk    0x00000000       0x20 vscode-build/sdk/platform/common/toolchain/src/sl_memory.o
 .data.heap_end.0
                0x00000000        0x4 vscode-build/sdk/platform/common/toolchain/src/sl_memory.o
 .text          0x00000000        0x0 vscode-build/sdk/platform/Device/SiliconLabs/BGM22/Source/startup_bgm22.o
 .data          0x00000000        0x0 vscode-build/sdk/platform/Device/SiliconLabs/BGM22/Source/startup_bgm22.o
 .bss           0x00000000        0x0 vscode-build/sdk/platform/Device/SiliconLabs/BGM22/Source/startup_bgm22.o
 .text          0x00000000        0x0 vscode-build/sdk/platform/Device/SiliconLabs/BGM22/Source/system_bgm22.o
 .data          0x00000000        0x0 vscode-build/sdk/platform/Device/SiliconLabs/BGM22/Source/system_bgm22.o
 .bss           0x00000000        0x0 vscode-build/sdk/platform/Device/SiliconLabs/BGM22/Source/system_bgm22.o
 .text.SystemHFRCODPLLClockGet
                0x00000000        0xc vscode-build/sdk/platform/Device/SiliconLabs/BGM22/Source/system_bgm22.o
 .text.SystemHFRCODPLLClockSet
                0x00000000        0xc vscode-build/sdk/platform/Device/SiliconLabs/BGM22/Source/system_bgm22.o
 .text.SystemSYSCLKGet
                0x00000000       0x34 vscode-build/sdk/platform/Device/SiliconLabs/BGM22/Source/system_bgm22.o
 .text.SystemHCLKGet
                0x00000000       0x24 vscode-build/sdk/platform/Device/SiliconLabs/BGM22/Source/system_bgm22.o
 .text.SystemMaxCoreClockGet
                0x00000000        0x8 vscode-build/sdk/platform/Device/SiliconLabs/BGM22/Source/system_bgm22.o
 .text.SystemHFXOClockGet
                0x00000000        0xc vscode-build/sdk/platform/Device/SiliconLabs/BGM22/Source/system_bgm22.o
 .text.SystemHFXOClockSet
                0x00000000       0x20 vscode-build/sdk/platform/Device/SiliconLabs/BGM22/Source/system_bgm22.o
 .text.SystemCLKIN0Get
                0x00000000        0x4 vscode-build/sdk/platform/Device/SiliconLabs/BGM22/Source/system_bgm22.o
 .text.SystemFSRCOClockGet
                0x00000000        0x8 vscode-build/sdk/platform/Device/SiliconLabs/BGM22/Source/system_bgm22.o
 .text.SystemLFRCOClockGet
                0x00000000        0x6 vscode-build/sdk/platform/Device/SiliconLabs/BGM22/Source/system_bgm22.o
 .text.SystemULFRCOClockGet
                0x00000000        0x6 vscode-build/sdk/platform/Device/SiliconLabs/BGM22/Source/system_bgm22.o
 .text.SystemLFXOClockGet
                0x00000000        0xc vscode-build/sdk/platform/Device/SiliconLabs/BGM22/Source/system_bgm22.o
 .text.SystemLFXOClockSet
                0x00000000        0xc vscode-build/sdk/platform/Device/SiliconLabs/BGM22/Source/system_bgm22.o
 .data.SystemCoreClock
                0x00000000        0x4 vscode-build/sdk/platform/Device/SiliconLabs/BGM22/Source/system_bgm22.o
 .data.SystemHFRCODPLLClock
                0x00000000        0x4 vscode-build/sdk/platform/Device/SiliconLabs/BGM22/Source/system_bgm22.o
 .data.SystemHFXOClock
                0x00000000        0x4 vscode-build/sdk/platform/Device/SiliconLabs/BGM22/Source/system_bgm22.o
 .data.SystemLFXOClock
                0x00000000        0x4 vscode-build/sdk/platform/Device/SiliconLabs/BGM22/Source/system_bgm22.o
 .text          0x00000000        0x0 vscode-build/sdk/platform/emlib/src/em_cmu.o
 .data          0x00000000        0x0 vscode-build/sdk/platform/emlib/src/em_cmu.o
 .bss           0x00000000        0x0 vscode-build/sdk/platform/emlib/src/em_cmu.o
 .text.EMU_VScaleGet
                0x00000000       0x18 vscode-build/sdk/platform/emlib/src/em_cmu.o
 .text.HFRCODPLLDevinfoGet
                0x00000000      0x10c vscode-build/sdk/platform/emlib/src/em_cmu.o
 .text.em01GrpaClkGet
                0x00000000       0x48 vscode-build/sdk/platform/emlib/src/em_cmu.o
 .text.iadcClkGet
                0x00000000       0x54 vscode-build/sdk/platform/emlib/src/em_cmu.o
 .text.em01GrpbClkGet
                0x00000000       0x74 vscode-build/sdk/platform/emlib/src/em_cmu.o
 .text.em23GrpaClkGet
                0x00000000       0x48 vscode-build/sdk/platform/emlib/src/em_cmu.o
 .text.wdog0ClkGet
                0x00000000       0x64 vscode-build/sdk/platform/emlib/src/em_cmu.o
 .text.rtccClkGet
                0x00000000       0x54 vscode-build/sdk/platform/emlib/src/em_cmu.o
 .text.em4GrpaClkGet
                0x00000000       0x48 vscode-build/sdk/platform/emlib/src/em_cmu.o
 .text.euart0ClkGet
                0x00000000       0x48 vscode-build/sdk/platform/emlib/src/em_cmu.o
 .text.BUS_RegMaskedWrite.constprop.0
                0x00000000       0x28 vscode-build/sdk/platform/emlib/src/em_cmu.o
 .text.CMU_CalibrateConfig
                0x00000000       0xd8 vscode-build/sdk/platform/emlib/src/em_cmu.o
 .text.CMU_CalibrateCountGet
                0x00000000       0x1c vscode-build/sdk/platform/emlib/src/em_cmu.o
 .text.CMU_Calibrate
                0x00000000       0x3c vscode-build/sdk/platform/emlib/src/em_cmu.o
 .text.CMU_ClkOutPinConfig
                0x00000000      0x11c vscode-build/sdk/platform/emlib/src/em_cmu.o
 .text.CMU_ClockDivGet
                0x00000000       0x84 vscode-build/sdk/platform/emlib/src/em_cmu.o
 .text.flashWaitStateControl
                0x00000000       0x4c vscode-build/sdk/platform/emlib/src/em_cmu.o
 .text.waitStateMax
                0x00000000       0x10 vscode-build/sdk/platform/emlib/src/em_cmu.o
 .text.CMU_ClockFreqGet
                0x00000000      0x194 vscode-build/sdk/platform/emlib/src/em_cmu.o
 .text.rhclkPrescOptimize
                0x00000000       0x20 vscode-build/sdk/platform/emlib/src/em_cmu.o
 .text.CMU_ClockSelectGet
                0x00000000      0x168 vscode-build/sdk/platform/emlib/src/em_cmu.o
 .text.sli_em_cmu_HFXOSetForceEnable
                0x00000000       0x18 vscode-build/sdk/platform/emlib/src/em_cmu.o
 .text.sli_em_cmu_SYSTICEXTCLKENSet
                0x00000000       0x30 vscode-build/sdk/platform/emlib/src/em_cmu.o
 .text.sli_em_cmu_SYSTICEXTCLKENClear
                0x00000000       0x30 vscode-build/sdk/platform/emlib/src/em_cmu.o
 .text.CMU_LF_ClockPrecisionGet
                0x00000000       0x44 vscode-build/sdk/platform/emlib/src/em_cmu.o
 .text.CMU_HF_ClockPrecisionGet
                0x00000000       0x18 vscode-build/sdk/platform/emlib/src/em_cmu.o
 .text.CMU_HFRCODPLLBandGet
                0x00000000        0x4 vscode-build/sdk/platform/emlib/src/em_cmu.o
 .text.CMU_HFXOInit
                0x00000000      0x1e4 vscode-build/sdk/platform/emlib/src/em_cmu.o
 .text.CMU_HFXOCTuneSet
                0x00000000       0x94 vscode-build/sdk/platform/emlib/src/em_cmu.o
 .text.CMU_HFXOCTuneGet
                0x00000000       0x64 vscode-build/sdk/platform/emlib/src/em_cmu.o
 .text.CMU_HFXOCTuneDeltaSet
                0x00000000        0xc vscode-build/sdk/platform/emlib/src/em_cmu.o
 .text.CMU_HFXOCTuneDeltaGet
                0x00000000        0xc vscode-build/sdk/platform/emlib/src/em_cmu.o
 .text.CMU_HFXOCoreBiasCurrentCalibrate
                0x00000000       0x78 vscode-build/sdk/platform/emlib/src/em_cmu.o
 .text.CMU_LFXOInit
                0x00000000       0xc4 vscode-build/sdk/platform/emlib/src/em_cmu.o
 .text.CMU_LFXOPrecisionSet
                0x00000000        0xc vscode-build/sdk/platform/emlib/src/em_cmu.o
 .text.CMU_LFXOPrecisionGet
                0x00000000        0xc vscode-build/sdk/platform/emlib/src/em_cmu.o
 .text.CMU_HFXOPrecisionSet
                0x00000000        0xc vscode-build/sdk/platform/emlib/src/em_cmu.o
 .text.CMU_HFXOPrecisionGet
                0x00000000        0xc vscode-build/sdk/platform/emlib/src/em_cmu.o
 .text.CMU_LFRCOSetPrecision
                0x00000000       0x80 vscode-build/sdk/platform/emlib/src/em_cmu.o
 .text.CMU_OscillatorTuningGet
                0x00000000       0x58 vscode-build/sdk/platform/emlib/src/em_cmu.o
 .text.CMU_OscillatorTuningSet
                0x00000000      0x10c vscode-build/sdk/platform/emlib/src/em_cmu.o
 .text.CMU_UpdateWaitStates
                0x00000000        0xc vscode-build/sdk/platform/emlib/src/em_cmu.o
 .text.CMU_ClockDivSet
                0x00000000      0x104 vscode-build/sdk/platform/emlib/src/em_cmu.o
 .text.pclkDivMax
                0x00000000        0xa vscode-build/sdk/platform/emlib/src/em_cmu.o
 .text.sli_em_cmu_SYSCLKInitPreClockSelect
                0x00000000       0x20 vscode-build/sdk/platform/emlib/src/em_cmu.o
 .text.pclkDivOptimize
                0x00000000       0x24 vscode-build/sdk/platform/emlib/src/em_cmu.o
 .text.sli_em_cmu_SYSCLKInitPostClockSelect
                0x00000000       0x2a vscode-build/sdk/platform/emlib/src/em_cmu.o
 .text.CMU_ClockSelectSet
                0x00000000      0x3fc vscode-build/sdk/platform/emlib/src/em_cmu.o
 .text.CMU_HFRCODPLLBandSet
                0x00000000      0x118 vscode-build/sdk/platform/emlib/src/em_cmu.o
 .text.CMU_DPLLLock
                0x00000000      0x280 vscode-build/sdk/platform/emlib/src/em_cmu.o
 .text.CMU_PCNTClockExternalSet
                0x00000000        0x2 vscode-build/sdk/platform/emlib/src/em_cmu.o
 .bss.ctuneDelta
                0x00000000        0x1 vscode-build/sdk/platform/emlib/src/em_cmu.o
 .data.hfxo_precision
                0x00000000        0x2 vscode-build/sdk/platform/emlib/src/em_cmu.o
 .data.lfxo_precision
                0x00000000        0x2 vscode-build/sdk/platform/emlib/src/em_cmu.o
 .rodata.CSWTCH.78
                0x00000000        0x7 vscode-build/sdk/platform/emlib/src/em_cmu.o
 .rodata.CSWTCH.79
                0x00000000        0x4 vscode-build/sdk/platform/emlib/src/em_cmu.o
 .rodata.hfrcoCalTable
                0x00000000      0x190 vscode-build/sdk/platform/emlib/src/em_cmu.o
 .text          0x00000000        0x0 vscode-build/sdk/platform/emlib/src/em_core.o
 .data          0x00000000        0x0 vscode-build/sdk/platform/emlib/src/em_core.o
 .bss           0x00000000        0x0 vscode-build/sdk/platform/emlib/src/em_core.o
 .text.__NVIC_GetPriority
                0x00000000       0x24 vscode-build/sdk/platform/emlib/src/em_core.o
 .text.CORE_CriticalDisableIrq
                0x00000000        0x4 vscode-build/sdk/platform/emlib/src/em_core.o
 .text.CORE_CriticalEnableIrq
                0x00000000        0x4 vscode-build/sdk/platform/emlib/src/em_core.o
 .text.CORE_YieldCritical
                0x00000000       0x12 vscode-build/sdk/platform/emlib/src/em_core.o
 .text.CORE_AtomicDisableIrq
                0x00000000        0x8 vscode-build/sdk/platform/emlib/src/em_core.o
 .text.CORE_AtomicEnableIrq
                0x00000000        0x8 vscode-build/sdk/platform/emlib/src/em_core.o
 .text.CORE_EnterAtomic
                0x00000000        0xc vscode-build/sdk/platform/emlib/src/em_core.o
 .text.CORE_ExitAtomic
                0x00000000        0x6 vscode-build/sdk/platform/emlib/src/em_core.o
 .text.CORE_YieldAtomic
                0x00000000       0x18 vscode-build/sdk/platform/emlib/src/em_core.o
 .text.CORE_EnterNvicMask
                0x00000000       0x2c vscode-build/sdk/platform/emlib/src/em_core.o
 .text.CORE_NvicDisableMask
                0x00000000       0x20 vscode-build/sdk/platform/emlib/src/em_core.o
 .text.CORE_NvicEnableMask
                0x00000000       0x20 vscode-build/sdk/platform/emlib/src/em_core.o
 .text.CORE_YieldNvicMask
                0x00000000       0x34 vscode-build/sdk/platform/emlib/src/em_core.o
 .rodata.CORE_NvicMaskSetIRQ.str1.1
                0x00000000       0x4c vscode-build/sdk/platform/emlib/src/em_core.o
 .text.CORE_NvicMaskSetIRQ
                0x00000000       0x34 vscode-build/sdk/platform/emlib/src/em_core.o
 .text.CORE_NvicMaskClearIRQ
                0x00000000       0x34 vscode-build/sdk/platform/emlib/src/em_core.o
 .text.CORE_InIrqContext
                0x00000000       0x14 vscode-build/sdk/platform/emlib/src/em_core.o
 .text.CORE_IrqIsDisabled
                0x00000000       0x1a vscode-build/sdk/platform/emlib/src/em_core.o
 .text.CORE_GetNvicEnabledMask
                0x00000000       0x20 vscode-build/sdk/platform/emlib/src/em_core.o
 .text.CORE_GetNvicMaskDisableState
                0x00000000       0x2c vscode-build/sdk/platform/emlib/src/em_core.o
 .text.CORE_NvicIRQDisabled
                0x00000000       0x34 vscode-build/sdk/platform/emlib/src/em_core.o
 .text.CORE_IrqIsBlocked
                0x00000000       0x6c vscode-build/sdk/platform/emlib/src/em_core.o
 .text.CORE_GetNvicRamTableHandler
                0x00000000       0x2c vscode-build/sdk/platform/emlib/src/em_core.o
 .text.CORE_SetNvicRamTableHandler
                0x00000000       0x30 vscode-build/sdk/platform/emlib/src/em_core.o
 .text.CORE_InitNvicVectorTable
                0x00000000       0xa0 vscode-build/sdk/platform/emlib/src/em_core.o
 .text          0x00000000        0x0 vscode-build/sdk/platform/emlib/src/em_emu.o
 .data          0x00000000        0x0 vscode-build/sdk/platform/emlib/src/em_emu.o
 .bss           0x00000000        0x0 vscode-build/sdk/platform/emlib/src/em_emu.o
 .ram           0x00000000       0x28 vscode-build/sdk/platform/emlib/src/em_emu.o
 .text.dpllState.part.0
                0x00000000       0x7c vscode-build/sdk/platform/emlib/src/em_emu.o
 .text.dpllState.constprop.0
                0x00000000       0x30 vscode-build/sdk/platform/emlib/src/em_emu.o
 .text.EMU_EM23Init
                0x00000000       0x18 vscode-build/sdk/platform/emlib/src/em_emu.o
 .text.EMU_EM23PresleepHook
                0x00000000        0x2 vscode-build/sdk/platform/emlib/src/em_emu.o
 .text.EMU_EFPEM23PresleepHook
                0x00000000        0x2 vscode-build/sdk/platform/emlib/src/em_emu.o
 .text.EMU_EM23PostsleepHook
                0x00000000        0x2 vscode-build/sdk/platform/emlib/src/em_emu.o
 .text.EMU_EFPEM23PostsleepHook
                0x00000000        0x2 vscode-build/sdk/platform/emlib/src/em_emu.o
 .text.EMU_EnterEM2
                0x00000000       0x48 vscode-build/sdk/platform/emlib/src/em_emu.o
 .text.EMU_EnterEM3
                0x00000000       0x40 vscode-build/sdk/platform/emlib/src/em_emu.o
 .text.EMU_Save
                0x00000000        0x4 vscode-build/sdk/platform/emlib/src/em_emu.o
 .text.EMU_Restore
                0x00000000        0x4 vscode-build/sdk/platform/emlib/src/em_emu.o
 .text.EMU_EM4Init
                0x00000000       0x14 vscode-build/sdk/platform/emlib/src/em_emu.o
 .text.EMU_EM4PresleepHook
                0x00000000        0x2 vscode-build/sdk/platform/emlib/src/em_emu.o
 .text.EMU_EFPEM4PresleepHook
                0x00000000        0x2 vscode-build/sdk/platform/emlib/src/em_emu.o
 .text.EMU_MemPwrDown
                0x00000000        0x2 vscode-build/sdk/platform/emlib/src/em_emu.o
 .text.EMU_RamPowerDown
                0x00000000       0x3c vscode-build/sdk/platform/emlib/src/em_emu.o
 .text.EMU_RamPowerUp
                0x00000000       0x18 vscode-build/sdk/platform/emlib/src/em_emu.o
 .text.EMU_UpdateOscConfig
                0x00000000        0x2 vscode-build/sdk/platform/emlib/src/em_emu.o
 .text.EMU_EFPEM01VScale
                0x00000000        0x2 vscode-build/sdk/platform/emlib/src/em_emu.o
 .rodata.EMU_VScaleEM01.str1.1
                0x00000000       0x4b vscode-build/sdk/platform/emlib/src/em_emu.o
 .text.EMU_VScaleEM01
                0x00000000       0xb0 vscode-build/sdk/platform/emlib/src/em_emu.o
 .text.EMU_VScaleEM01ByClock
                0x00000000       0x30 vscode-build/sdk/platform/emlib/src/em_emu.o
 .text.EMU_EM01Init
                0x00000000       0x14 vscode-build/sdk/platform/emlib/src/em_emu.o
 .text.EMU_DCDCUpdatedHook
                0x00000000        0x2 vscode-build/sdk/platform/emlib/src/em_emu.o
 .text.EMU_DCDCModeSet
                0x00000000       0xbc vscode-build/sdk/platform/emlib/src/em_emu.o
 .text.EMU_EnterEM4
                0x00000000       0x84 vscode-build/sdk/platform/emlib/src/em_emu.o
 .text.EMU_EnterEM4Wait
                0x00000000       0x14 vscode-build/sdk/platform/emlib/src/em_emu.o
 .text.EMU_EnterEM4H
                0x00000000        0x4 vscode-build/sdk/platform/emlib/src/em_emu.o
 .text.EMU_EnterEM4S
                0x00000000        0x4 vscode-build/sdk/platform/emlib/src/em_emu.o
 .text.EMU_DCDCInit
                0x00000000       0x7c vscode-build/sdk/platform/emlib/src/em_emu.o
 .text.EMU_DCDCPowerOff
                0x00000000        0xc vscode-build/sdk/platform/emlib/src/em_emu.o
 .text.EMU_EM01PeakCurrentSet
                0x00000000       0x7c vscode-build/sdk/platform/emlib/src/em_emu.o
 .text.EMU_TemperatureGet
                0x00000000       0x24 vscode-build/sdk/platform/emlib/src/em_emu.o
 .text.EMU_EFPDirectModeEnable
                0x00000000       0x18 vscode-build/sdk/platform/emlib/src/em_emu.o
 .text.EMU_EFPDriveDecoupleSet
                0x00000000       0x18 vscode-build/sdk/platform/emlib/src/em_emu.o
 .text.EMU_EFPDriveDvddSet
                0x00000000       0x18 vscode-build/sdk/platform/emlib/src/em_emu.o
 .bss.dpllRefClk.0
                0x00000000        0x4 vscode-build/sdk/platform/emlib/src/em_emu.o
 .bss.vScaleEM01Config
                0x00000000        0x1 vscode-build/sdk/platform/emlib/src/em_emu.o
 .debug_info    0x00000000     0x3593 vscode-build/sdk/platform/emlib/src/em_emu.o
 .debug_abbrev  0x00000000      0x4e4 vscode-build/sdk/platform/emlib/src/em_emu.o
 .debug_loc     0x00000000      0x6e4 vscode-build/sdk/platform/emlib/src/em_emu.o
 .debug_aranges
                0x00000000      0x100 vscode-build/sdk/platform/emlib/src/em_emu.o
 .debug_ranges  0x00000000      0x290 vscode-build/sdk/platform/emlib/src/em_emu.o
 .debug_line    0x00000000      0xde3 vscode-build/sdk/platform/emlib/src/em_emu.o
 .debug_str     0x00000000     0x23d8 vscode-build/sdk/platform/emlib/src/em_emu.o
 .comment       0x00000000       0x4a vscode-build/sdk/platform/emlib/src/em_emu.o
 .debug_frame   0x00000000      0x314 vscode-build/sdk/platform/emlib/src/em_emu.o
 .ARM.attributes
                0x00000000       0x3a vscode-build/sdk/platform/emlib/src/em_emu.o
 .text          0x00000000        0x0 vscode-build/sdk/platform/emlib/src/em_gpio.o
 .data          0x00000000        0x0 vscode-build/sdk/platform/emlib/src/em_gpio.o
 .bss           0x00000000        0x0 vscode-build/sdk/platform/emlib/src/em_gpio.o
 .rodata.BUS_RegBitWrite.str1.1
                0x00000000       0x4b vscode-build/sdk/platform/emlib/src/em_gpio.o
 .text.BUS_RegBitWrite
                0x00000000       0x30 vscode-build/sdk/platform/emlib/src/em_gpio.o
 .text.GPIO_DbgLocationSet
                0x00000000        0x2 vscode-build/sdk/platform/emlib/src/em_gpio.o
 .text.GPIO_ExtIntConfig
                0x00000000       0xf4 vscode-build/sdk/platform/emlib/src/em_gpio.o
 .text.GPIO_PinModeGet
                0x00000000       0x58 vscode-build/sdk/platform/emlib/src/em_gpio.o
 .text.GPIO_EM4EnablePinWakeup
                0x00000000       0x7c vscode-build/sdk/platform/emlib/src/em_gpio.o
 .text.GPIO_EM4WUExtIntConfig
                0x00000000       0x74 vscode-build/sdk/platform/emlib/src/em_gpio.o
 .text          0x00000000        0x0 vscode-build/sdk/platform/emlib/src/em_msc.o
 .data          0x00000000        0x0 vscode-build/sdk/platform/emlib/src/em_msc.o
 .bss           0x00000000        0x0 vscode-build/sdk/platform/emlib/src/em_msc.o
 .ram           0x00000000      0x1e8 vscode-build/sdk/platform/emlib/src/em_msc.o
 .rodata.str1.1
                0x00000000       0x4b vscode-build/sdk/platform/emlib/src/em_msc.o
 .text.MSC_Init
                0x00000000       0x20 vscode-build/sdk/platform/emlib/src/em_msc.o
 .text.MSC_Deinit
                0x00000000       0x24 vscode-build/sdk/platform/emlib/src/em_msc.o
 .text.MSC_ExecConfigSet
                0x00000000       0x18 vscode-build/sdk/platform/emlib/src/em_msc.o
 .text.MSC_WriteWordDma
                0x00000000       0xf0 vscode-build/sdk/platform/emlib/src/em_msc.o
 .text.MSC_EccConfigSet
                0x00000000       0x98 vscode-build/sdk/platform/emlib/src/em_msc.o
 .debug_info    0x00000000     0x272d vscode-build/sdk/platform/emlib/src/em_msc.o
 .debug_abbrev  0x00000000      0x2b9 vscode-build/sdk/platform/emlib/src/em_msc.o
 .debug_loc     0x00000000      0x742 vscode-build/sdk/platform/emlib/src/em_msc.o
 .debug_aranges
                0x00000000       0x68 vscode-build/sdk/platform/emlib/src/em_msc.o
 .debug_ranges  0x00000000       0xa8 vscode-build/sdk/platform/emlib/src/em_msc.o
 .debug_line    0x00000000      0x85d vscode-build/sdk/platform/emlib/src/em_msc.o
 .debug_str     0x00000000     0x166a vscode-build/sdk/platform/emlib/src/em_msc.o
 .comment       0x00000000       0x4a vscode-build/sdk/platform/emlib/src/em_msc.o
 .debug_frame   0x00000000      0x12c vscode-build/sdk/platform/emlib/src/em_msc.o
 .ARM.attributes
                0x00000000       0x3a vscode-build/sdk/platform/emlib/src/em_msc.o
 .text          0x00000000        0x0 vscode-build/sdk/platform/emlib/src/em_system.o
 .data          0x00000000        0x0 vscode-build/sdk/platform/emlib/src/em_system.o
 .bss           0x00000000        0x0 vscode-build/sdk/platform/emlib/src/em_system.o
 .text.SYSTEM_ChipRevisionGet
                0x00000000       0x24 vscode-build/sdk/platform/emlib/src/em_system.o
 .text.SYSTEM_GetCalibrationValue
                0x00000000       0x30 vscode-build/sdk/platform/emlib/src/em_system.o
 .text.SYSTEM_GetSecurityCapability
                0x00000000        0xc vscode-build/sdk/platform/emlib/src/em_system.o
 .text.SYSTEM_GetUnique
                0x00000000        0xc vscode-build/sdk/platform/emlib/src/em_system.o
 .text.SYSTEM_GetSRAMBaseAddress
                0x00000000        0x6 vscode-build/sdk/platform/emlib/src/em_system.o
 .text.SYSTEM_GetSRAMSize
                0x00000000       0x10 vscode-build/sdk/platform/emlib/src/em_system.o
 .text.SYSTEM_GetFlashSize
                0x00000000        0xc vscode-build/sdk/platform/emlib/src/em_system.o
 .text.SYSTEM_GetFlashPageSize
                0x00000000       0x14 vscode-build/sdk/platform/emlib/src/em_system.o
 .text.SYSTEM_GetPartNumber
                0x00000000        0xc vscode-build/sdk/platform/emlib/src/em_system.o
 .text.SYSTEM_GetCalibrationTemperature
                0x00000000        0xc vscode-build/sdk/platform/emlib/src/em_system.o
 .text.SYSTEM_GetFamily
                0x00000000       0x18 vscode-build/sdk/platform/emlib/src/em_system.o
 .text          0x00000000        0x0 vscode-build/sdk/platform/service/device_init/src/sl_device_init_dcdc_s2.o
 .data          0x00000000        0x0 vscode-build/sdk/platform/service/device_init/src/sl_device_init_dcdc_s2.o
 .bss           0x00000000        0x0 vscode-build/sdk/platform/service/device_init/src/sl_device_init_dcdc_s2.o
 .text.sl_device_init_dcdc
                0x00000000       0x20 vscode-build/sdk/platform/service/device_init/src/sl_device_init_dcdc_s2.o
 .rodata        0x00000000        0x8 vscode-build/sdk/platform/service/device_init/src/sl_device_init_dcdc_s2.o
 .debug_info    0x00000000      0x29a vscode-build/sdk/platform/service/device_init/src/sl_device_init_dcdc_s2.o
 .debug_abbrev  0x00000000       0xdd vscode-build/sdk/platform/service/device_init/src/sl_device_init_dcdc_s2.o
 .debug_aranges
                0x00000000       0x20 vscode-build/sdk/platform/service/device_init/src/sl_device_init_dcdc_s2.o
 .debug_ranges  0x00000000       0x10 vscode-build/sdk/platform/service/device_init/src/sl_device_init_dcdc_s2.o
 .debug_line    0x00000000      0x208 vscode-build/sdk/platform/service/device_init/src/sl_device_init_dcdc_s2.o
 .debug_str     0x00000000      0x5fe vscode-build/sdk/platform/service/device_init/src/sl_device_init_dcdc_s2.o
 .comment       0x00000000       0x4a vscode-build/sdk/platform/service/device_init/src/sl_device_init_dcdc_s2.o
 .debug_frame   0x00000000       0x28 vscode-build/sdk/platform/service/device_init/src/sl_device_init_dcdc_s2.o
 .ARM.attributes
                0x00000000       0x3a vscode-build/sdk/platform/service/device_init/src/sl_device_init_dcdc_s2.o
 .text          0x00000000        0x0 vscode-build/sdk/platform/service/device_init/src/sl_device_init_emu_s2.o
 .data          0x00000000        0x0 vscode-build/sdk/platform/service/device_init/src/sl_device_init_emu_s2.o
 .bss           0x00000000        0x0 vscode-build/sdk/platform/service/device_init/src/sl_device_init_emu_s2.o
 .text.sl_device_init_emu
                0x00000000       0x24 vscode-build/sdk/platform/service/device_init/src/sl_device_init_emu_s2.o
 .debug_info    0x00000000      0x899 vscode-build/sdk/platform/service/device_init/src/sl_device_init_emu_s2.o
 .debug_abbrev  0x00000000      0x148 vscode-build/sdk/platform/service/device_init/src/sl_device_init_emu_s2.o
 .debug_aranges
                0x00000000       0x20 vscode-build/sdk/platform/service/device_init/src/sl_device_init_emu_s2.o
 .debug_ranges  0x00000000       0x10 vscode-build/sdk/platform/service/device_init/src/sl_device_init_emu_s2.o
 .debug_line    0x00000000      0x287 vscode-build/sdk/platform/service/device_init/src/sl_device_init_emu_s2.o
 .debug_str     0x00000000      0x7de vscode-build/sdk/platform/service/device_init/src/sl_device_init_emu_s2.o
 .comment       0x00000000       0x4a vscode-build/sdk/platform/service/device_init/src/sl_device_init_emu_s2.o
 .debug_frame   0x00000000       0x2c vscode-build/sdk/platform/service/device_init/src/sl_device_init_emu_s2.o
 .ARM.attributes
                0x00000000       0x3a vscode-build/sdk/platform/service/device_init/src/sl_device_init_emu_s2.o
 .text          0x00000000        0x0 vscode-build/sdk/platform/service/device_init/src/sl_device_init_hfxo_s2.o
 .data          0x00000000        0x0 vscode-build/sdk/platform/service/device_init/src/sl_device_init_hfxo_s2.o
 .bss           0x00000000        0x0 vscode-build/sdk/platform/service/device_init/src/sl_device_init_hfxo_s2.o
 .text.sl_device_init_hfxo
                0x00000000       0x74 vscode-build/sdk/platform/service/device_init/src/sl_device_init_hfxo_s2.o
 .rodata        0x00000000       0x28 vscode-build/sdk/platform/service/device_init/src/sl_device_init_hfxo_s2.o
 .debug_info    0x00000000      0x7cb vscode-build/sdk/platform/service/device_init/src/sl_device_init_hfxo_s2.o
 .debug_abbrev  0x00000000      0x17e vscode-build/sdk/platform/service/device_init/src/sl_device_init_hfxo_s2.o
 .debug_loc     0x00000000       0x76 vscode-build/sdk/platform/service/device_init/src/sl_device_init_hfxo_s2.o
 .debug_aranges
                0x00000000       0x20 vscode-build/sdk/platform/service/device_init/src/sl_device_init_hfxo_s2.o
 .debug_ranges  0x00000000       0x10 vscode-build/sdk/platform/service/device_init/src/sl_device_init_hfxo_s2.o
 .debug_line    0x00000000      0x2e1 vscode-build/sdk/platform/service/device_init/src/sl_device_init_hfxo_s2.o
 .debug_str     0x00000000      0xb90 vscode-build/sdk/platform/service/device_init/src/sl_device_init_hfxo_s2.o
 .comment       0x00000000       0x4a vscode-build/sdk/platform/service/device_init/src/sl_device_init_hfxo_s2.o
 .debug_frame   0x00000000       0x34 vscode-build/sdk/platform/service/device_init/src/sl_device_init_hfxo_s2.o
 .ARM.attributes
                0x00000000       0x3a vscode-build/sdk/platform/service/device_init/src/sl_device_init_hfxo_s2.o
 .text          0x00000000        0x0 vscode-build/sdk/platform/service/device_init/src/sl_device_init_lfxo_s2.o
 .data          0x00000000        0x0 vscode-build/sdk/platform/service/device_init/src/sl_device_init_lfxo_s2.o
 .bss           0x00000000        0x0 vscode-build/sdk/platform/service/device_init/src/sl_device_init_lfxo_s2.o
 .text.sl_device_init_lfxo
                0x00000000       0x2c vscode-build/sdk/platform/service/device_init/src/sl_device_init_lfxo_s2.o
 .rodata        0x00000000       0x14 vscode-build/sdk/platform/service/device_init/src/sl_device_init_lfxo_s2.o
 .debug_info    0x00000000      0x24e vscode-build/sdk/platform/service/device_init/src/sl_device_init_lfxo_s2.o
 .debug_abbrev  0x00000000       0xec vscode-build/sdk/platform/service/device_init/src/sl_device_init_lfxo_s2.o
 .debug_aranges
                0x00000000       0x20 vscode-build/sdk/platform/service/device_init/src/sl_device_init_lfxo_s2.o
 .debug_ranges  0x00000000       0x10 vscode-build/sdk/platform/service/device_init/src/sl_device_init_lfxo_s2.o
 .debug_line    0x00000000      0x21f vscode-build/sdk/platform/service/device_init/src/sl_device_init_lfxo_s2.o
 .debug_str     0x00000000      0x46c vscode-build/sdk/platform/service/device_init/src/sl_device_init_lfxo_s2.o
 .comment       0x00000000       0x4a vscode-build/sdk/platform/service/device_init/src/sl_device_init_lfxo_s2.o
 .debug_frame   0x00000000       0x30 vscode-build/sdk/platform/service/device_init/src/sl_device_init_lfxo_s2.o
 .ARM.attributes
                0x00000000       0x3a vscode-build/sdk/platform/service/device_init/src/sl_device_init_lfxo_s2.o
 .text          0x00000000        0x0 vscode-build/sdk/platform/service/device_init/src/sl_device_init_nvic.o
 .data          0x00000000        0x0 vscode-build/sdk/platform/service/device_init/src/sl_device_init_nvic.o
 .bss           0x00000000        0x0 vscode-build/sdk/platform/service/device_init/src/sl_device_init_nvic.o
 .text.sl_device_init_nvic
                0x00000000       0x3c vscode-build/sdk/platform/service/device_init/src/sl_device_init_nvic.o
 .debug_info    0x00000000      0x782 vscode-build/sdk/platform/service/device_init/src/sl_device_init_nvic.o
 .debug_abbrev  0x00000000      0x164 vscode-build/sdk/platform/service/device_init/src/sl_device_init_nvic.o
 .debug_loc     0x00000000       0x4f vscode-build/sdk/platform/service/device_init/src/sl_device_init_nvic.o
 .debug_aranges
                0x00000000       0x20 vscode-build/sdk/platform/service/device_init/src/sl_device_init_nvic.o
 .debug_ranges  0x00000000       0x58 vscode-build/sdk/platform/service/device_init/src/sl_device_init_nvic.o
 .debug_line    0x00000000      0x2e5 vscode-build/sdk/platform/service/device_init/src/sl_device_init_nvic.o
 .debug_str     0x00000000      0x740 vscode-build/sdk/platform/service/device_init/src/sl_device_init_nvic.o
 .comment       0x00000000       0x4a vscode-build/sdk/platform/service/device_init/src/sl_device_init_nvic.o
 .debug_frame   0x00000000       0x28 vscode-build/sdk/platform/service/device_init/src/sl_device_init_nvic.o
 .ARM.attributes
                0x00000000       0x3a vscode-build/sdk/platform/service/device_init/src/sl_device_init_nvic.o
 .text          0x00000000        0x0 vscode-build/sdk/platform/service/system/src/sl_system_init.o
 .data          0x00000000        0x0 vscode-build/sdk/platform/service/system/src/sl_system_init.o
 .bss           0x00000000        0x0 vscode-build/sdk/platform/service/system/src/sl_system_init.o
 .text.sl_system_init
                0x00000000       0x1a vscode-build/sdk/platform/service/system/src/sl_system_init.o
 .debug_info    0x00000000       0xa6 vscode-build/sdk/platform/service/system/src/sl_system_init.o
 .debug_abbrev  0x00000000       0x5c vscode-build/sdk/platform/service/system/src/sl_system_init.o
 .debug_aranges
                0x00000000       0x20 vscode-build/sdk/platform/service/system/src/sl_system_init.o
 .debug_ranges  0x00000000       0x10 vscode-build/sdk/platform/service/system/src/sl_system_init.o
 .debug_line    0x00000000       0xc1 vscode-build/sdk/platform/service/system/src/sl_system_init.o
 .debug_str     0x00000000      0x1a2 vscode-build/sdk/platform/service/system/src/sl_system_init.o
 .comment       0x00000000       0x4a vscode-build/sdk/platform/service/system/src/sl_system_init.o
 .debug_frame   0x00000000       0x2c vscode-build/sdk/platform/service/system/src/sl_system_init.o
 .ARM.attributes
                0x00000000       0x3a vscode-build/sdk/platform/service/system/src/sl_system_init.o
 .text          0x00000000        0x0 vscode-build/sdk/platform/service/system/src/sl_system_process_action.o
 .data          0x00000000        0x0 vscode-build/sdk/platform/service/system/src/sl_system_process_action.o
 .bss           0x00000000        0x0 vscode-build/sdk/platform/service/system/src/sl_system_process_action.o
 .text.sl_system_process_action
                0x00000000       0x16 vscode-build/sdk/platform/service/system/src/sl_system_process_action.o
 .debug_info    0x00000000       0x91 vscode-build/sdk/platform/service/system/src/sl_system_process_action.o
 .debug_abbrev  0x00000000       0x5c vscode-build/sdk/platform/service/system/src/sl_system_process_action.o
 .debug_aranges
                0x00000000       0x20 vscode-build/sdk/platform/service/system/src/sl_system_process_action.o
 .debug_ranges  0x00000000       0x10 vscode-build/sdk/platform/service/system/src/sl_system_process_action.o
 .debug_line    0x00000000       0xca vscode-build/sdk/platform/service/system/src/sl_system_process_action.o
 .debug_str     0x00000000      0x1cf vscode-build/sdk/platform/service/system/src/sl_system_process_action.o
 .comment       0x00000000       0x4a vscode-build/sdk/platform/service/system/src/sl_system_process_action.o
 .debug_frame   0x00000000       0x2c vscode-build/sdk/platform/service/system/src/sl_system_process_action.o
 .ARM.attributes
                0x00000000       0x3a vscode-build/sdk/platform/service/system/src/sl_system_process_action.o
 .text          0x00000000        0x0 vscode-build/obj/app.o
 .data          0x00000000        0x0 vscode-build/obj/app.o
 .bss           0x00000000        0x0 vscode-build/obj/app.o
 .text.app_init
                0x00000000        0x2 vscode-build/obj/app.o
 .text.app_process_action
                0x00000000       0x68 vscode-build/obj/app.o
 .debug_info    0x00000000     0x1e1b vscode-build/obj/app.o
 .debug_abbrev  0x00000000      0x229 vscode-build/obj/app.o
 .debug_loc     0x00000000       0x75 vscode-build/obj/app.o
 .debug_aranges
                0x00000000       0x28 vscode-build/obj/app.o
 .debug_ranges  0x00000000       0x60 vscode-build/obj/app.o
 .debug_line    0x00000000      0x322 vscode-build/obj/app.o
 .debug_str     0x00000000     0x19eb vscode-build/obj/app.o
 .comment       0x00000000       0x4a vscode-build/obj/app.o
 .debug_frame   0x00000000       0x38 vscode-build/obj/app.o
 .ARM.attributes
                0x00000000       0x3a vscode-build/obj/app.o
 .text          0x00000000        0x0 vscode-build/obj/autogen/sl_device_init_clocks.o
 .data          0x00000000        0x0 vscode-build/obj/autogen/sl_device_init_clocks.o
 .bss           0x00000000        0x0 vscode-build/obj/autogen/sl_device_init_clocks.o
 .text.sl_device_init_clocks
                0x00000000       0x9c vscode-build/obj/autogen/sl_device_init_clocks.o
 .debug_info    0x00000000      0xfdc vscode-build/obj/autogen/sl_device_init_clocks.o
 .debug_abbrev  0x00000000       0xef vscode-build/obj/autogen/sl_device_init_clocks.o
 .debug_aranges
                0x00000000       0x20 vscode-build/obj/autogen/sl_device_init_clocks.o
 .debug_ranges  0x00000000       0x10 vscode-build/obj/autogen/sl_device_init_clocks.o
 .debug_line    0x00000000      0x25b vscode-build/obj/autogen/sl_device_init_clocks.o
 .debug_str     0x00000000      0xbf0 vscode-build/obj/autogen/sl_device_init_clocks.o
 .comment       0x00000000       0x4a vscode-build/obj/autogen/sl_device_init_clocks.o
 .debug_frame   0x00000000       0x28 vscode-build/obj/autogen/sl_device_init_clocks.o
 .ARM.attributes
                0x00000000       0x3a vscode-build/obj/autogen/sl_device_init_clocks.o
 .text          0x00000000        0x0 vscode-build/obj/autogen/sl_event_handler.o
 .data          0x00000000        0x0 vscode-build/obj/autogen/sl_event_handler.o
 .bss           0x00000000        0x0 vscode-build/obj/autogen/sl_event_handler.o
 .text.sl_platform_init
                0x00000000       0x50 vscode-build/obj/autogen/sl_event_handler.o
 .text.sl_driver_init
                0x00000000        0x2 vscode-build/obj/autogen/sl_event_handler.o
 .text.sl_service_init
                0x00000000        0x2 vscode-build/obj/autogen/sl_event_handler.o
 .text.sl_stack_init
                0x00000000        0x2 vscode-build/obj/autogen/sl_event_handler.o
 .text.sl_internal_app_init
                0x00000000        0x2 vscode-build/obj/autogen/sl_event_handler.o
 .text.sl_platform_process_action
                0x00000000        0x2 vscode-build/obj/autogen/sl_event_handler.o
 .text.sl_service_process_action
                0x00000000        0x2 vscode-build/obj/autogen/sl_event_handler.o
 .text.sl_stack_process_action
                0x00000000        0x2 vscode-build/obj/autogen/sl_event_handler.o
 .text.sl_internal_app_process_action
                0x00000000        0x2 vscode-build/obj/autogen/sl_event_handler.o
 .debug_info    0x00000000      0xc83 vscode-build/obj/autogen/sl_event_handler.o
 .debug_abbrev  0x00000000      0x176 vscode-build/obj/autogen/sl_event_handler.o
 .debug_loc     0x00000000       0x1d vscode-build/obj/autogen/sl_event_handler.o
 .debug_aranges
                0x00000000       0x28 vscode-build/obj/autogen/sl_event_handler.o
 .debug_ranges  0x00000000       0x30 vscode-build/obj/autogen/sl_event_handler.o
 .debug_line    0x00000000      0x338 vscode-build/obj/autogen/sl_event_handler.o
 .debug_str     0x00000000      0xc0b vscode-build/obj/autogen/sl_event_handler.o
 .comment       0x00000000       0x4a vscode-build/obj/autogen/sl_event_handler.o
 .debug_frame   0x00000000       0xac vscode-build/obj/autogen/sl_event_handler.o
 .ARM.attributes
                0x00000000       0x3a vscode-build/obj/autogen/sl_event_handler.o
 .text          0x00000000        0x0 vscode-build/obj/main.o
 .data          0x00000000        0x0 vscode-build/obj/main.o
 .bss           0x00000000        0x0 vscode-build/obj/main.o
 .text          0x00000000        0x0 h:/si/developer/toolchains/gnu_arm/10.3_2021.10/bin/../lib/gcc/arm-none-eabi/10.3.1/../../../../arm-none-eabi/lib/thumb/v8-m.main+fp/hard\libc_nano.a(lib_a-exit.o)
 .data          0x00000000        0x0 h:/si/developer/toolchains/gnu_arm/10.3_2021.10/bin/../lib/gcc/arm-none-eabi/10.3.1/../../../../arm-none-eabi/lib/thumb/v8-m.main+fp/hard\libc_nano.a(lib_a-exit.o)
 .bss           0x00000000        0x0 h:/si/developer/toolchains/gnu_arm/10.3_2021.10/bin/../lib/gcc/arm-none-eabi/10.3.1/../../../../arm-none-eabi/lib/thumb/v8-m.main+fp/hard\libc_nano.a(lib_a-exit.o)
 .text          0x00000000        0x0 h:/si/developer/toolchains/gnu_arm/10.3_2021.10/bin/../lib/gcc/arm-none-eabi/10.3.1/../../../../arm-none-eabi/lib/thumb/v8-m.main+fp/hard\libc_nano.a(lib_a-impure.o)
 .data          0x00000000        0x0 h:/si/developer/toolchains/gnu_arm/10.3_2021.10/bin/../lib/gcc/arm-none-eabi/10.3.1/../../../../arm-none-eabi/lib/thumb/v8-m.main+fp/hard\libc_nano.a(lib_a-impure.o)
 .bss           0x00000000        0x0 h:/si/developer/toolchains/gnu_arm/10.3_2021.10/bin/../lib/gcc/arm-none-eabi/10.3.1/../../../../arm-none-eabi/lib/thumb/v8-m.main+fp/hard\libc_nano.a(lib_a-impure.o)
 .data._impure_ptr
                0x00000000        0x4 h:/si/developer/toolchains/gnu_arm/10.3_2021.10/bin/../lib/gcc/arm-none-eabi/10.3.1/../../../../arm-none-eabi/lib/thumb/v8-m.main+fp/hard\libc_nano.a(lib_a-impure.o)
 .text          0x00000000        0x0 h:/si/developer/toolchains/gnu_arm/10.3_2021.10/bin/../lib/gcc/arm-none-eabi/10.3.1/../../../../arm-none-eabi/lib/thumb/v8-m.main+fp/hard\libc_nano.a(lib_a-init.o)
 .data          0x00000000        0x0 h:/si/developer/toolchains/gnu_arm/10.3_2021.10/bin/../lib/gcc/arm-none-eabi/10.3.1/../../../../arm-none-eabi/lib/thumb/v8-m.main+fp/hard\libc_nano.a(lib_a-init.o)
 .bss           0x00000000        0x0 h:/si/developer/toolchains/gnu_arm/10.3_2021.10/bin/../lib/gcc/arm-none-eabi/10.3.1/../../../../arm-none-eabi/lib/thumb/v8-m.main+fp/hard\libc_nano.a(lib_a-init.o)
 .text          0x00000000        0x0 h:/si/developer/toolchains/gnu_arm/10.3_2021.10/bin/../lib/gcc/arm-none-eabi/10.3.1/../../../../arm-none-eabi/lib/thumb/v8-m.main+fp/hard\libc_nano.a(lib_a-memset.o)
 .data          0x00000000        0x0 h:/si/developer/toolchains/gnu_arm/10.3_2021.10/bin/../lib/gcc/arm-none-eabi/10.3.1/../../../../arm-none-eabi/lib/thumb/v8-m.main+fp/hard\libc_nano.a(lib_a-memset.o)
 .bss           0x00000000        0x0 h:/si/developer/toolchains/gnu_arm/10.3_2021.10/bin/../lib/gcc/arm-none-eabi/10.3.1/../../../../arm-none-eabi/lib/thumb/v8-m.main+fp/hard\libc_nano.a(lib_a-memset.o)
 .text          0x00000000        0x0 h:/si/developer/toolchains/gnu_arm/10.3_2021.10/bin/../lib/gcc/arm-none-eabi/10.3.1/../../../../arm-none-eabi/lib/thumb/v8-m.main+fp/hard\libnosys.a(_exit.o)
 .data          0x00000000        0x0 h:/si/developer/toolchains/gnu_arm/10.3_2021.10/bin/../lib/gcc/arm-none-eabi/10.3.1/../../../../arm-none-eabi/lib/thumb/v8-m.main+fp/hard\libnosys.a(_exit.o)
 .bss           0x00000000        0x0 h:/si/developer/toolchains/gnu_arm/10.3_2021.10/bin/../lib/gcc/arm-none-eabi/10.3.1/../../../../arm-none-eabi/lib/thumb/v8-m.main+fp/hard\libnosys.a(_exit.o)
 .text          0x00000000        0x0 h:/si/developer/toolchains/gnu_arm/10.3_2021.10/bin/../lib/gcc/arm-none-eabi/10.3.1/thumb/v8-m.main+fp/hard/crtend.o
 .data          0x00000000        0x0 h:/si/developer/toolchains/gnu_arm/10.3_2021.10/bin/../lib/gcc/arm-none-eabi/10.3.1/thumb/v8-m.main+fp/hard/crtend.o
 .bss           0x00000000        0x0 h:/si/developer/toolchains/gnu_arm/10.3_2021.10/bin/../lib/gcc/arm-none-eabi/10.3.1/thumb/v8-m.main+fp/hard/crtend.o
 .rodata        0x00000000       0x24 h:/si/developer/toolchains/gnu_arm/10.3_2021.10/bin/../lib/gcc/arm-none-eabi/10.3.1/thumb/v8-m.main+fp/hard/crtend.o
 .eh_frame      0x00000000        0x4 h:/si/developer/toolchains/gnu_arm/10.3_2021.10/bin/../lib/gcc/arm-none-eabi/10.3.1/thumb/v8-m.main+fp/hard/crtend.o
 .ARM.attributes
                0x00000000       0x38 h:/si/developer/toolchains/gnu_arm/10.3_2021.10/bin/../lib/gcc/arm-none-eabi/10.3.1/thumb/v8-m.main+fp/hard/crtend.o
 .text          0x00000000        0x0 h:/si/developer/toolchains/gnu_arm/10.3_2021.10/bin/../lib/gcc/arm-none-eabi/10.3.1/thumb/v8-m.main+fp/hard/crtn.o
 .data          0x00000000        0x0 h:/si/developer/toolchains/gnu_arm/10.3_2021.10/bin/../lib/gcc/arm-none-eabi/10.3.1/thumb/v8-m.main+fp/hard/crtn.o
 .bss           0x00000000        0x0 h:/si/developer/toolchains/gnu_arm/10.3_2021.10/bin/../lib/gcc/arm-none-eabi/10.3.1/thumb/v8-m.main+fp/hard/crtn.o

Memory Configuration

Name             Origin             Length             Attributes
FLASH            0x00000000         0x0007e000         xr
RAM              0x20000000         0x00008000         xrw
*default*        0x00000000         0xffffffff

Linker script and memory map

LOAD h:/si/developer/toolchains/gnu_arm/10.3_2021.10/bin/../lib/gcc/arm-none-eabi/10.3.1/thumb/v8-m.main+fp/hard/crti.o
LOAD h:/si/developer/toolchains/gnu_arm/10.3_2021.10/bin/../lib/gcc/arm-none-eabi/10.3.1/thumb/v8-m.main+fp/hard/crtbegin.o
LOAD h:/si/developer/toolchains/gnu_arm/10.3_2021.10/bin/../lib/gcc/arm-none-eabi/10.3.1/../../../../arm-none-eabi/lib/thumb/v8-m.main+fp/hard/crt0.o
LOAD vscode-build/sdk/platform/common/src/sl_assert.o
LOAD vscode-build/sdk/platform/common/toolchain/src/sl_memory.o
LOAD vscode-build/sdk/platform/Device/SiliconLabs/BGM22/Source/startup_bgm22.o
LOAD vscode-build/sdk/platform/Device/SiliconLabs/BGM22/Source/system_bgm22.o
LOAD vscode-build/sdk/platform/emlib/src/em_cmu.o
LOAD vscode-build/sdk/platform/emlib/src/em_core.o
LOAD vscode-build/sdk/platform/emlib/src/em_emu.o
LOAD vscode-build/sdk/platform/emlib/src/em_gpio.o
LOAD vscode-build/sdk/platform/emlib/src/em_msc.o
LOAD vscode-build/sdk/platform/emlib/src/em_system.o
LOAD vscode-build/sdk/platform/service/device_init/src/sl_device_init_dcdc_s2.o
LOAD vscode-build/sdk/platform/service/device_init/src/sl_device_init_emu_s2.o
LOAD vscode-build/sdk/platform/service/device_init/src/sl_device_init_hfxo_s2.o
LOAD vscode-build/sdk/platform/service/device_init/src/sl_device_init_lfxo_s2.o
LOAD vscode-build/sdk/platform/service/device_init/src/sl_device_init_nvic.o
LOAD vscode-build/sdk/platform/service/system/src/sl_system_init.o
LOAD vscode-build/sdk/platform/service/system/src/sl_system_process_action.o
LOAD vscode-build/obj/app.o
LOAD vscode-build/obj/autogen/sl_device_init_clocks.o
LOAD vscode-build/obj/autogen/sl_event_handler.o
LOAD vscode-build/obj/main.o
START GROUP
LOAD h:/si/developer/toolchains/gnu_arm/10.3_2021.10/bin/../lib/gcc/arm-none-eabi/10.3.1/thumb/v8-m.main+fp/hard\libgcc.a
LOAD h:/si/developer/toolchains/gnu_arm/10.3_2021.10/bin/../lib/gcc/arm-none-eabi/10.3.1/../../../../arm-none-eabi/lib/thumb/v8-m.main+fp/hard\libc_nano.a
LOAD h:/si/developer/toolchains/gnu_arm/10.3_2021.10/bin/../lib/gcc/arm-none-eabi/10.3.1/../../../../arm-none-eabi/lib/thumb/v8-m.main+fp/hard\libm.a
LOAD h:/si/developer/toolchains/gnu_arm/10.3_2021.10/bin/../lib/gcc/arm-none-eabi/10.3.1/../../../../arm-none-eabi/lib/thumb/v8-m.main+fp/hard\libnosys.a
END GROUP
START GROUP
LOAD h:/si/developer/toolchains/gnu_arm/10.3_2021.10/bin/../lib/gcc/arm-none-eabi/10.3.1/thumb/v8-m.main+fp/hard\libgcc.a
LOAD h:/si/developer/toolchains/gnu_arm/10.3_2021.10/bin/../lib/gcc/arm-none-eabi/10.3.1/../../../../arm-none-eabi/lib/thumb/v8-m.main+fp/hard\libc_nano.a
END GROUP
START GROUP
LOAD h:/si/developer/toolchains/gnu_arm/10.3_2021.10/bin/../lib/gcc/arm-none-eabi/10.3.1/thumb/v8-m.main+fp/hard\libgcc.a
LOAD h:/si/developer/toolchains/gnu_arm/10.3_2021.10/bin/../lib/gcc/arm-none-eabi/10.3.1/../../../../arm-none-eabi/lib/thumb/v8-m.main+fp/hard\libc_nano.a
END GROUP
LOAD h:/si/developer/toolchains/gnu_arm/10.3_2021.10/bin/../lib/gcc/arm-none-eabi/10.3.1/thumb/v8-m.main+fp/hard/crtend.o
LOAD h:/si/developer/toolchains/gnu_arm/10.3_2021.10/bin/../lib/gcc/arm-none-eabi/10.3.1/thumb/v8-m.main+fp/hard/crtn.o

.text           0x00000000      0x678
                0x00000000                linker_vectors_begin = .
 *(.vectors)
 .vectors       0x00000000      0x140 vscode-build/sdk/platform/Device/SiliconLabs/BGM22/Source/startup_bgm22.o
                0x00000000                __Vectors
                0x00000140                linker_vectors_end = .
                0x00000140                __Vectors_End = .
                0x00000140                __Vectors_Size = (__Vectors_End - __Vectors)
                0x00000140                linker_code_begin = .
 *(SORT_BY_ALIGNMENT(.text*))
 .text          0x00000140       0x40 h:/si/developer/toolchains/gnu_arm/10.3_2021.10/bin/../lib/gcc/arm-none-eabi/10.3.1/thumb/v8-m.main+fp/hard/crtbegin.o
 .text          0x00000180       0x7c h:/si/developer/toolchains/gnu_arm/10.3_2021.10/bin/../lib/gcc/arm-none-eabi/10.3.1/../../../../arm-none-eabi/lib/thumb/v8-m.main+fp/hard/crt0.o
                0x00000180                _stack_init
                0x00000188                _start
                0x00000188                _mainCRTStartup
 .text.Reset_Handler
                0x000001fc       0x60 vscode-build/sdk/platform/Device/SiliconLabs/BGM22/Source/startup_bgm22.o
                0x000001fc                Reset_Handler
 .text.SystemInit
                0x0000025c       0x64 vscode-build/sdk/platform/Device/SiliconLabs/BGM22/Source/system_bgm22.o
                0x0000025c                SystemInit
 .text.CMU_ClockEnable
                0x000002c0       0x54 vscode-build/sdk/platform/emlib/src/em_cmu.o
                0x000002c0                CMU_ClockEnable
 .text.GPIO_PinOutSet
                0x00000314       0x54 vscode-build/sdk/platform/emlib/src/em_gpio.o
 .text.GPIO_PinOutClear
                0x00000368       0x54 vscode-build/sdk/platform/emlib/src/em_gpio.o
 .text.GPIO_PinModeSet
                0x000003bc       0xa0 vscode-build/sdk/platform/emlib/src/em_gpio.o
                0x000003bc                GPIO_PinModeSet
 .text.SYSTEM_GetProdRev
                0x0000045c       0x10 vscode-build/sdk/platform/emlib/src/em_system.o
                0x0000045c                SYSTEM_GetProdRev
 .text.startup.main
                0x0000046c       0x54 vscode-build/obj/main.o
                0x0000046c                main
 .text.exit     0x000004c0       0x28 h:/si/developer/toolchains/gnu_arm/10.3_2021.10/bin/../lib/gcc/arm-none-eabi/10.3.1/../../../../arm-none-eabi/lib/thumb/v8-m.main+fp/hard\libc_nano.a(lib_a-exit.o)
                0x000004c0                exit
 .text.__libc_init_array
                0x000004e8       0x48 h:/si/developer/toolchains/gnu_arm/10.3_2021.10/bin/../lib/gcc/arm-none-eabi/10.3.1/../../../../arm-none-eabi/lib/thumb/v8-m.main+fp/hard\libc_nano.a(lib_a-init.o)
                0x000004e8                __libc_init_array
 .text._exit    0x00000530        0x4 h:/si/developer/toolchains/gnu_arm/10.3_2021.10/bin/../lib/gcc/arm-none-eabi/10.3.1/../../../../arm-none-eabi/lib/thumb/v8-m.main+fp/hard\libnosys.a(_exit.o)
                0x00000530                _exit
 .text.assertEFM
                0x00000534        0x2 vscode-build/sdk/platform/common/src/sl_assert.o
                0x00000534                assertEFM
 .text.Default_Handler
                0x00000536        0x2 vscode-build/sdk/platform/Device/SiliconLabs/BGM22/Source/startup_bgm22.o
                0x00000536                ULFRCO_IRQHandler
                0x00000536                SW2_IRQHandler
                0x00000536                TIMER2_IRQHandler
                0x00000536                DebugMon_Handler
                0x00000536                PKE_IRQHandler
                0x00000536                USART0_TX_IRQHandler
                0x00000536                PRORTC_IRQHandler
                0x00000536                IADC_IRQHandler
                0x00000536                I2C0_IRQHandler
                0x00000536                LFXO_IRQHandler
                0x00000536                CRYPTOACC_IRQHandler
                0x00000536                HardFault_Handler
                0x00000536                SMU_SECURE_IRQHandler
                0x00000536                SysTick_Handler
                0x00000536                USART1_RX_IRQHandler
                0x00000536                EMUEFP_IRQHandler
                0x00000536                PendSV_Handler
                0x00000536                NMI_Handler
                0x00000536                SYNTH_IRQHandler
                0x00000536                HFXO0_IRQHandler
                0x00000536                I2C1_IRQHandler
                0x00000536                PDM_IRQHandler
                0x00000536                WDOG0_IRQHandler
                0x00000536                TIMER3_IRQHandler
                0x00000536                SYSCFG_IRQHandler
                0x00000536                EMUSE_IRQHandler
                0x00000536                EMUDG_IRQHandler
                0x00000536                USART1_TX_IRQHandler
                0x00000536                MSC_IRQHandler
                0x00000536                DPLL0_IRQHandler
                0x00000536                UsageFault_Handler
                0x00000536                M33CTI1_IRQHandler
                0x00000536                TIMER4_IRQHandler
                0x00000536                GPIO_EVEN_IRQHandler
                0x00000536                LDMA_IRQHandler
                0x00000536                SW0_IRQHandler
                0x00000536                TIMER0_IRQHandler
                0x00000536                LETIMER0_IRQHandler
                0x00000536                TIMER1_IRQHandler
                0x00000536                HFRCO0_IRQHandler
                0x00000536                RFSENSE_IRQHandler
                0x00000536                SecureFault_Handler
                0x00000536                BUFC_IRQHandler
                0x00000536                DCDC_IRQHandler
                0x00000536                MODEM_IRQHandler
                0x00000536                Default_Handler
                0x00000536                RAC_SEQ_IRQHandler
                0x00000536                FRC_PRI_IRQHandler
                0x00000536                EMU_IRQHandler
                0x00000536                SW3_IRQHandler
                0x00000536                KERNEL0_IRQHandler
                0x00000536                FRC_IRQHandler
                0x00000536                KERNEL1_IRQHandler
                0x00000536                AGC_IRQHandler
                0x00000536                sl_app_properties
                0x00000536                BURTC_IRQHandler
                0x00000536                LFRCO_IRQHandler
                0x00000536                USART0_RX_IRQHandler
                0x00000536                MemManage_Handler
                0x00000536                RDMAILBOX_IRQHandler
                0x00000536                SVC_Handler
                0x00000536                RTCC_IRQHandler
                0x00000536                SMU_S_PRIVILEGED_IRQHandler
                0x00000536                SW1_IRQHandler
                0x00000536                CMU_IRQHandler
                0x00000536                RAC_RSM_IRQHandler
                0x00000536                EUART0_TX_IRQHandler
                0x00000536                EUART0_RX_IRQHandler
                0x00000536                GPIO_ODD_IRQHandler
                0x00000536                AES_IRQHandler
                0x00000536                M33CTI0_IRQHandler
                0x00000536                ICACHE0_IRQHandler
                0x00000536                SMU_NS_PRIVILEGED_IRQHandler
                0x00000536                PROTIMER_IRQHandler
                0x00000536                BusFault_Handler
                0x00000536                TRNG_IRQHandler
 .text.CORE_EnterCritical
                0x00000538        0x8 vscode-build/sdk/platform/emlib/src/em_core.o
                0x00000538                CORE_EnterCritical
 .text.CORE_ExitCritical
                0x00000540        0x6 vscode-build/sdk/platform/emlib/src/em_core.o
                0x00000540                CORE_ExitCritical
 .text.BUS_RegMaskedWrite
                0x00000546       0x22 vscode-build/sdk/platform/emlib/src/em_gpio.o
 .text.memset   0x00000568       0x10 h:/si/developer/toolchains/gnu_arm/10.3_2021.10/bin/../lib/gcc/arm-none-eabi/10.3.1/../../../../arm-none-eabi/lib/thumb/v8-m.main+fp/hard\libc_nano.a(lib_a-memset.o)
                0x00000568                memset
                0x00000578                linker_code_end = .
 *(.init)
 .init          0x00000578        0x4 h:/si/developer/toolchains/gnu_arm/10.3_2021.10/bin/../lib/gcc/arm-none-eabi/10.3.1/thumb/v8-m.main+fp/hard/crti.o
                0x00000578                _init
 .init          0x0000057c        0x8 h:/si/developer/toolchains/gnu_arm/10.3_2021.10/bin/../lib/gcc/arm-none-eabi/10.3.1/thumb/v8-m.main+fp/hard/crtn.o
 *(.fini)
 .fini          0x00000584        0x4 h:/si/developer/toolchains/gnu_arm/10.3_2021.10/bin/../lib/gcc/arm-none-eabi/10.3.1/thumb/v8-m.main+fp/hard/crti.o
                0x00000584                _fini
 .fini          0x00000588        0x8 h:/si/developer/toolchains/gnu_arm/10.3_2021.10/bin/../lib/gcc/arm-none-eabi/10.3.1/thumb/v8-m.main+fp/hard/crtn.o
 *crtbegin.o(.ctors)
 *crtbegin?.o(.ctors)
 *(EXCLUDE_FILE(*crtend.o *crtend?.o) .ctors)
 *(SORT_BY_NAME(.ctors.*))
 *(.ctors)
 *crtbegin.o(.dtors)
 *crtbegin?.o(.dtors)
 *(EXCLUDE_FILE(*crtend.o *crtend?.o) .dtors)
 *(SORT_BY_NAME(.dtors.*))
 *(.dtors)
 *(.rodata*)
 .rodata.HFRCODPLLDevinfoGet.str1.1
                0x00000590       0x4b vscode-build/sdk/platform/emlib/src/em_cmu.o
 .rodata.GPIO_PinOutSet.str1.1
                0x000005db       0x4c vscode-build/sdk/platform/emlib/src/em_gpio.o
 .rodata.GPIO_ExtIntConfig.str1.1
                0x00000627       0x4c vscode-build/sdk/platform/emlib/src/em_gpio.o
 *fill*         0x00000673        0x1 
 .rodata._global_impure_ptr
                0x00000674        0x4 h:/si/developer/toolchains/gnu_arm/10.3_2021.10/bin/../lib/gcc/arm-none-eabi/10.3.1/../../../../arm-none-eabi/lib/thumb/v8-m.main+fp/hard\libc_nano.a(lib_a-impure.o)
                0x00000674                _global_impure_ptr
 *(.eh_frame*)
 .eh_frame      0x00000678        0x0 h:/si/developer/toolchains/gnu_arm/10.3_2021.10/bin/../lib/gcc/arm-none-eabi/10.3.1/thumb/v8-m.main+fp/hard/crtbegin.o

.glue_7         0x00000678        0x0
 .glue_7        0x00000678        0x0 linker stubs

.glue_7t        0x00000678        0x0
 .glue_7t       0x00000678        0x0 linker stubs

.vfp11_veneer   0x00000678        0x0
 .vfp11_veneer  0x00000678        0x0 linker stubs

.v4_bx          0x00000678        0x0
 .v4_bx         0x00000678        0x0 linker stubs

.iplt           0x00000678        0x0
 .iplt          0x00000678        0x0 h:/si/developer/toolchains/gnu_arm/10.3_2021.10/bin/../lib/gcc/arm-none-eabi/10.3.1/thumb/v8-m.main+fp/hard/crtbegin.o

.ARM.extab
 *(.ARM.extab* .gnu.linkonce.armextab.*)
                0x00000678                __exidx_start = .

.ARM.exidx      0x00000678        0x8
 *(.ARM.exidx* .gnu.linkonce.armexidx.*)
 .ARM.exidx     0x00000678        0x8 h:/si/developer/toolchains/gnu_arm/10.3_2021.10/bin/../lib/gcc/arm-none-eabi/10.3.1/../../../../arm-none-eabi/lib/thumb/v8-m.main+fp/hard/crt0.o
                                 0x10 (size before relaxing)
                0x00000680                __exidx_end = .

.rel.dyn        0x00000680        0x0
 .rel.iplt      0x00000680        0x0 h:/si/developer/toolchains/gnu_arm/10.3_2021.10/bin/../lib/gcc/arm-none-eabi/10.3.1/thumb/v8-m.main+fp/hard/crtbegin.o

.copy.table     0x00000680        0xc
                0x00000680                . = ALIGN (0x4)
                0x00000680                __copy_table_start__ = .
                0x00000680        0x4 LONG 0x68c __etext
                0x00000684        0x4 LONG 0x20001000 __data_start__
                0x00000688        0x4 LONG 0x1a ((__data_end__ - __data_start__) / 0x4)
                0x0000068c                __copy_table_end__ = .

.zero.table     0x0000068c        0x0
                0x0000068c                . = ALIGN (0x4)
                0x0000068c                __zero_table_start__ = .
                0x0000068c                __zero_table_end__ = .
                0x0000068c                __etext = .
                0x20000000                . = ORIGIN (RAM)

.stack          0x20000000     0x1000
                0x20000000                __StackLimit = .
 *(.stack*)
 .stack         0x20000000     0x1000 vscode-build/sdk/platform/common/toolchain/src/sl_memory.o
                0x20001000                . = ALIGN (0x4)
                0x20001000                __StackTop = .
                0x20001000                PROVIDE (__stack = __StackTop)

.noinit
 *(.noinit*)

.data           0x20001000       0x68 load address 0x0000068c
                0x20001000                . = ALIGN (0x4)
                0x20001000                __data_start__ = .
 *(vtable)
 *(SORT_BY_ALIGNMENT(.data*))
 .data.impure_data
                0x20001000       0x60 h:/si/developer/toolchains/gnu_arm/10.3_2021.10/bin/../lib/gcc/arm-none-eabi/10.3.1/../../../../arm-none-eabi/lib/thumb/v8-m.main+fp/hard\libc_nano.a(lib_a-impure.o)
                0x20001060                . = ALIGN (0x4)
                [!provide]                PROVIDE (__ram_func_section_start = .)
 *(.ram)
                [!provide]                PROVIDE (__ram_func_section_end = .)
                0x20001060                . = ALIGN (0x4)
                0x20001060                PROVIDE (__preinit_array_start = .)
 *(.preinit_array)
                0x20001060                PROVIDE (__preinit_array_end = .)
                0x20001060                . = ALIGN (0x4)
                0x20001060                PROVIDE (__init_array_start = .)
 *(SORT_BY_NAME(.init_array.*))
 *(.init_array)
 .init_array    0x20001060        0x4 h:/si/developer/toolchains/gnu_arm/10.3_2021.10/bin/../lib/gcc/arm-none-eabi/10.3.1/thumb/v8-m.main+fp/hard/crtbegin.o
                0x20001064                PROVIDE (__init_array_end = .)
                0x20001064                . = ALIGN (0x4)
                [!provide]                PROVIDE (__fini_array_start = .)
 *(SORT_BY_NAME(.fini_array.*))
 *(.fini_array)
 .fini_array    0x20001064        0x4 h:/si/developer/toolchains/gnu_arm/10.3_2021.10/bin/../lib/gcc/arm-none-eabi/10.3.1/thumb/v8-m.main+fp/hard/crtbegin.o
                [!provide]                PROVIDE (__fini_array_end = .)
                0x20001068                . = ALIGN (0x4)
                0x20001068                __data_end__ = .

.igot.plt       0x20001068        0x0 load address 0x000006f4
 .igot.plt      0x20001068        0x0 h:/si/developer/toolchains/gnu_arm/10.3_2021.10/bin/../lib/gcc/arm-none-eabi/10.3.1/thumb/v8-m.main+fp/hard/crtbegin.o

.bss            0x20001068       0x1c load address 0x000006f4
                0x20001068                . = ALIGN (0x4)
                0x20001068                __bss_start__ = .
 *(SORT_BY_ALIGNMENT(.bss*))
 .bss           0x20001068       0x1c h:/si/developer/toolchains/gnu_arm/10.3_2021.10/bin/../lib/gcc/arm-none-eabi/10.3.1/thumb/v8-m.main+fp/hard/crtbegin.o
 *(COMMON)
                0x20001084                . = ALIGN (0x4)
                0x20001084                __bss_end__ = .

.heap           0x20001088      0x800
                0x20001088                __HeapBase = .
                0x20001088                __end__ = .
                0x20001088                end = __end__
                0x20001088                _end = __end__
 *(.heap*)
 .heap          0x20001088      0x800 vscode-build/sdk/platform/common/toolchain/src/sl_memory.o
                0x20008000                __HeapLimit = (ORIGIN (RAM) + LENGTH (RAM))
                0x00006f78                __heap_size = (__HeapLimit - __HeapBase)
                0x20008000                __ram_end__ = 0x20008000
                0x0007e000                __main_flash_end__ = 0x7e000

.internal_storage
                0x0000068c        0x0
 *(.internal_storage*)

.nvm            0x0000068c        0x0
 *(.simee*)
                0x0007e000                linker_nvm_end = __main_flash_end__
                0x0007e000                linker_nvm_begin = (linker_nvm_end - SIZEOF (.nvm))
                0x00000000                linker_nvm_size = SIZEOF (.nvm)
                0x0007e000                linker_storage_end = linker_nvm_begin
                0x0007e000                __nvm3Base = linker_nvm_begin
                0x0007e000                linker_storage_begin = (linker_storage_end - SIZEOF (.internal_storage))
                0x00000000                linker_storage_size = SIZEOF (.internal_storage)
                0x00000001                ASSERT ((linker_storage_begin >= (__etext + SIZEOF (.data))), FLASH memory overflowed !)
OUTPUT(vscode-build/led.out elf32-littlearm)
LOAD linker stubs

.ARM.attributes
                0x00000000       0x36
 .ARM.attributes
                0x00000000       0x22 h:/si/developer/toolchains/gnu_arm/10.3_2021.10/bin/../lib/gcc/arm-none-eabi/10.3.1/thumb/v8-m.main+fp/hard/crti.o
 .ARM.attributes
                0x00000022       0x38 h:/si/developer/toolchains/gnu_arm/10.3_2021.10/bin/../lib/gcc/arm-none-eabi/10.3.1/thumb/v8-m.main+fp/hard/crtbegin.o
 .ARM.attributes
                0x0000005a       0x20 h:/si/developer/toolchains/gnu_arm/10.3_2021.10/bin/../lib/gcc/arm-none-eabi/10.3.1/../../../../arm-none-eabi/lib/thumb/v8-m.main+fp/hard/crt0.o
 .ARM.attributes
                0x0000007a       0x3a vscode-build/sdk/platform/common/src/sl_assert.o
 .ARM.attributes
                0x000000b4       0x3a vscode-build/sdk/platform/common/toolchain/src/sl_memory.o
 .ARM.attributes
                0x000000ee       0x3a vscode-build/sdk/platform/Device/SiliconLabs/BGM22/Source/startup_bgm22.o
 .ARM.attributes
                0x00000128       0x3a vscode-build/sdk/platform/Device/SiliconLabs/BGM22/Source/system_bgm22.o
 .ARM.attributes
                0x00000162       0x3a vscode-build/sdk/platform/emlib/src/em_cmu.o
 .ARM.attributes
                0x0000019c       0x3a vscode-build/sdk/platform/emlib/src/em_core.o
 .ARM.attributes
                0x000001d6       0x3a vscode-build/sdk/platform/emlib/src/em_gpio.o
 .ARM.attributes
                0x00000210       0x3a vscode-build/sdk/platform/emlib/src/em_system.o
 .ARM.attributes
                0x0000024a       0x3a vscode-build/obj/main.o
 .ARM.attributes
                0x00000284       0x38 h:/si/developer/toolchains/gnu_arm/10.3_2021.10/bin/../lib/gcc/arm-none-eabi/10.3.1/../../../../arm-none-eabi/lib/thumb/v8-m.main+fp/hard\libc_nano.a(lib_a-exit.o)
 .ARM.attributes
                0x000002bc       0x38 h:/si/developer/toolchains/gnu_arm/10.3_2021.10/bin/../lib/gcc/arm-none-eabi/10.3.1/../../../../arm-none-eabi/lib/thumb/v8-m.main+fp/hard\libc_nano.a(lib_a-impure.o)
 .ARM.attributes
                0x000002f4       0x38 h:/si/developer/toolchains/gnu_arm/10.3_2021.10/bin/../lib/gcc/arm-none-eabi/10.3.1/../../../../arm-none-eabi/lib/thumb/v8-m.main+fp/hard\libc_nano.a(lib_a-init.o)
 .ARM.attributes
                0x0000032c       0x38 h:/si/developer/toolchains/gnu_arm/10.3_2021.10/bin/../lib/gcc/arm-none-eabi/10.3.1/../../../../arm-none-eabi/lib/thumb/v8-m.main+fp/hard\libc_nano.a(lib_a-memset.o)
 .ARM.attributes
                0x00000364       0x38 h:/si/developer/toolchains/gnu_arm/10.3_2021.10/bin/../lib/gcc/arm-none-eabi/10.3.1/../../../../arm-none-eabi/lib/thumb/v8-m.main+fp/hard\libnosys.a(_exit.o)
 .ARM.attributes
                0x0000039c       0x22 h:/si/developer/toolchains/gnu_arm/10.3_2021.10/bin/../lib/gcc/arm-none-eabi/10.3.1/thumb/v8-m.main+fp/hard/crtn.o

.comment        0x00000000       0x49
 .comment       0x00000000       0x49 vscode-build/sdk/platform/common/src/sl_assert.o
                                 0x4a (size before relaxing)
 .comment       0x00000049       0x4a vscode-build/sdk/platform/common/toolchain/src/sl_memory.o
 .comment       0x00000049       0x4a vscode-build/sdk/platform/Device/SiliconLabs/BGM22/Source/startup_bgm22.o
 .comment       0x00000049       0x4a vscode-build/sdk/platform/Device/SiliconLabs/BGM22/Source/system_bgm22.o
 .comment       0x00000049       0x4a vscode-build/sdk/platform/emlib/src/em_cmu.o
 .comment       0x00000049       0x4a vscode-build/sdk/platform/emlib/src/em_core.o
 .comment       0x00000049       0x4a vscode-build/sdk/platform/emlib/src/em_gpio.o
 .comment       0x00000049       0x4a vscode-build/sdk/platform/emlib/src/em_system.o
 .comment       0x00000049       0x4a vscode-build/obj/main.o

.debug_info     0x00000000     0xf705
 .debug_info    0x00000000       0x7e vscode-build/sdk/platform/common/src/sl_assert.o
 .debug_info    0x0000007e      0x1ed vscode-build/sdk/platform/common/toolchain/src/sl_memory.o
 .debug_info    0x0000026b      0x2f4 vscode-build/sdk/platform/Device/SiliconLabs/BGM22/Source/startup_bgm22.o
 .debug_info    0x0000055f     0x1c7f vscode-build/sdk/platform/Device/SiliconLabs/BGM22/Source/system_bgm22.o
 .debug_info    0x000021de     0x6e42 vscode-build/sdk/platform/emlib/src/em_cmu.o
 .debug_info    0x00009020     0x129a vscode-build/sdk/platform/emlib/src/em_core.o
 .debug_info    0x0000a2ba     0x1e66 vscode-build/sdk/platform/emlib/src/em_gpio.o
 .debug_info    0x0000c120     0x1878 vscode-build/sdk/platform/emlib/src/em_system.o
 .debug_info    0x0000d998     0x1d6d vscode-build/obj/main.o

.debug_abbrev   0x00000000     0x1699
 .debug_abbrev  0x00000000       0x6a vscode-build/sdk/platform/common/src/sl_assert.o
 .debug_abbrev  0x0000006a      0x11c vscode-build/sdk/platform/common/toolchain/src/sl_memory.o
 .debug_abbrev  0x00000186      0x1c6 vscode-build/sdk/platform/Device/SiliconLabs/BGM22/Source/startup_bgm22.o
 .debug_abbrev  0x0000034c      0x338 vscode-build/sdk/platform/Device/SiliconLabs/BGM22/Source/system_bgm22.o
 .debug_abbrev  0x00000684      0x54b vscode-build/sdk/platform/emlib/src/em_cmu.o
 .debug_abbrev  0x00000bcf      0x30e vscode-build/sdk/platform/emlib/src/em_core.o
 .debug_abbrev  0x00000edd      0x317 vscode-build/sdk/platform/emlib/src/em_gpio.o
 .debug_abbrev  0x000011f4      0x297 vscode-build/sdk/platform/emlib/src/em_system.o
 .debug_abbrev  0x0000148b      0x20e vscode-build/obj/main.o

.debug_loc      0x00000000     0x43f7
 .debug_loc     0x00000000       0x2a vscode-build/sdk/platform/common/src/sl_assert.o
 .debug_loc     0x0000002a       0x9c vscode-build/sdk/platform/common/toolchain/src/sl_memory.o
 .debug_loc     0x000000c6       0x6e vscode-build/sdk/platform/Device/SiliconLabs/BGM22/Source/startup_bgm22.o
 .debug_loc     0x00000134       0xd1 vscode-build/sdk/platform/Device/SiliconLabs/BGM22/Source/system_bgm22.o
 .debug_loc     0x00000205     0x2f8c vscode-build/sdk/platform/emlib/src/em_cmu.o
 .debug_loc     0x00003191      0x736 vscode-build/sdk/platform/emlib/src/em_core.o
 .debug_loc     0x000038c7      0x9bd vscode-build/sdk/platform/emlib/src/em_gpio.o
 .debug_loc     0x00004284      0x156 vscode-build/sdk/platform/emlib/src/em_system.o
 .debug_loc     0x000043da       0x1d vscode-build/obj/main.o

.debug_aranges  0x00000000      0x4a0
 .debug_aranges
                0x00000000       0x20 vscode-build/sdk/platform/common/src/sl_assert.o
 .debug_aranges
                0x00000020       0x30 vscode-build/sdk/platform/common/toolchain/src/sl_memory.o
 .debug_aranges
                0x00000050       0x28 vscode-build/sdk/platform/Device/SiliconLabs/BGM22/Source/startup_bgm22.o
 .debug_aranges
                0x00000078       0x88 vscode-build/sdk/platform/Device/SiliconLabs/BGM22/Source/system_bgm22.o
 .debug_aranges
                0x00000100      0x1b8 vscode-build/sdk/platform/emlib/src/em_cmu.o
 .debug_aranges
                0x000002b8       0xe8 vscode-build/sdk/platform/emlib/src/em_core.o
 .debug_aranges
                0x000003a0       0x68 vscode-build/sdk/platform/emlib/src/em_gpio.o
 .debug_aranges
                0x00000408       0x78 vscode-build/sdk/platform/emlib/src/em_system.o
 .debug_aranges
                0x00000480       0x20 vscode-build/obj/main.o

.debug_ranges   0x00000000      0x760
 .debug_ranges  0x00000000       0x10 vscode-build/sdk/platform/common/src/sl_assert.o
 .debug_ranges  0x00000010       0x20 vscode-build/sdk/platform/common/toolchain/src/sl_memory.o
 .debug_ranges  0x00000030       0x80 vscode-build/sdk/platform/Device/SiliconLabs/BGM22/Source/startup_bgm22.o
 .debug_ranges  0x000000b0       0x90 vscode-build/sdk/platform/Device/SiliconLabs/BGM22/Source/system_bgm22.o
 .debug_ranges  0x00000140      0x350 vscode-build/sdk/platform/emlib/src/em_cmu.o
 .debug_ranges  0x00000490      0x1a0 vscode-build/sdk/platform/emlib/src/em_core.o
 .debug_ranges  0x00000630       0x70 vscode-build/sdk/platform/emlib/src/em_gpio.o
 .debug_ranges  0x000006a0       0x80 vscode-build/sdk/platform/emlib/src/em_system.o
 .debug_ranges  0x00000720       0x40 vscode-build/obj/main.o

.debug_line     0x00000000     0x4bd3
 .debug_line    0x00000000       0x9e vscode-build/sdk/platform/common/src/sl_assert.o
 .debug_line    0x0000009e      0x275 vscode-build/sdk/platform/common/toolchain/src/sl_memory.o
 .debug_line    0x00000313      0x2c5 vscode-build/sdk/platform/Device/SiliconLabs/BGM22/Source/startup_bgm22.o
 .debug_line    0x000005d8      0x4f4 vscode-build/sdk/platform/Device/SiliconLabs/BGM22/Source/system_bgm22.o
 .debug_line    0x00000acc     0x28f9 vscode-build/sdk/platform/emlib/src/em_cmu.o
 .debug_line    0x000033c5      0xa14 vscode-build/sdk/platform/emlib/src/em_core.o
 .debug_line    0x00003dd9      0x707 vscode-build/sdk/platform/emlib/src/em_gpio.o
 .debug_line    0x000044e0      0x458 vscode-build/sdk/platform/emlib/src/em_system.o
 .debug_line    0x00004938      0x29b vscode-build/obj/main.o

.debug_str      0x00000000     0x474a
 .debug_str     0x00000000      0x147 vscode-build/sdk/platform/common/src/sl_assert.o
                                0x14c (size before relaxing)
 .debug_str     0x00000147      0x14f vscode-build/sdk/platform/common/toolchain/src/sl_memory.o
                                0x286 (size before relaxing)
 .debug_str     0x00000296      0x168 vscode-build/sdk/platform/Device/SiliconLabs/BGM22/Source/startup_bgm22.o
                                0x2e0 (size before relaxing)
 .debug_str     0x000003fe     0x1287 vscode-build/sdk/platform/Device/SiliconLabs/BGM22/Source/system_bgm22.o
                               0x14e8 (size before relaxing)
 .debug_str     0x00001685     0x286b vscode-build/sdk/platform/emlib/src/em_cmu.o
                               0x3546 (size before relaxing)
 .debug_str     0x00003ef0      0x341 vscode-build/sdk/platform/emlib/src/em_core.o
                                0xa45 (size before relaxing)
 .debug_str     0x00004231      0x160 vscode-build/sdk/platform/emlib/src/em_gpio.o
                               0x131a (size before relaxing)
 .debug_str     0x00004391      0x356 vscode-build/sdk/platform/emlib/src/em_system.o
                               0x135e (size before relaxing)
 .debug_str     0x000046e7       0x63 vscode-build/obj/main.o
                               0x19b9 (size before relaxing)

.debug_frame    0x00000000      0xc48
 .debug_frame   0x00000000       0x20 vscode-build/sdk/platform/common/src/sl_assert.o
 .debug_frame   0x00000020       0x40 vscode-build/sdk/platform/common/toolchain/src/sl_memory.o
 .debug_frame   0x00000060       0x38 vscode-build/sdk/platform/Device/SiliconLabs/BGM22/Source/startup_bgm22.o
 .debug_frame   0x00000098      0x100 vscode-build/sdk/platform/Device/SiliconLabs/BGM22/Source/system_bgm22.o
 .debug_frame   0x00000198      0x56c vscode-build/sdk/platform/emlib/src/em_cmu.o
 .debug_frame   0x00000704      0x244 vscode-build/sdk/platform/emlib/src/em_core.o
 .debug_frame   0x00000948      0x16c vscode-build/sdk/platform/emlib/src/em_gpio.o
 .debug_frame   0x00000ab4       0xd8 vscode-build/sdk/platform/emlib/src/em_system.o
 .debug_frame   0x00000b8c       0x28 vscode-build/obj/main.o
 .debug_frame   0x00000bb4       0x28 h:/si/developer/toolchains/gnu_arm/10.3_2021.10/bin/../lib/gcc/arm-none-eabi/10.3.1/../../../../arm-none-eabi/lib/thumb/v8-m.main+fp/hard\libc_nano.a(lib_a-exit.o)
 .debug_frame   0x00000bdc       0x2c h:/si/developer/toolchains/gnu_arm/10.3_2021.10/bin/../lib/gcc/arm-none-eabi/10.3.1/../../../../arm-none-eabi/lib/thumb/v8-m.main+fp/hard\libc_nano.a(lib_a-init.o)
 .debug_frame   0x00000c08       0x20 h:/si/developer/toolchains/gnu_arm/10.3_2021.10/bin/../lib/gcc/arm-none-eabi/10.3.1/../../../../arm-none-eabi/lib/thumb/v8-m.main+fp/hard\libc_nano.a(lib_a-memset.o)
 .debug_frame   0x00000c28       0x20 h:/si/developer/toolchains/gnu_arm/10.3_2021.10/bin/../lib/gcc/arm-none-eabi/10.3.1/../../../../arm-none-eabi/lib/thumb/v8-m.main+fp/hard\libnosys.a(_exit.o)
