Archive member included to satisfy reference by file (symbol)

h:/si/developer/toolchains/gnu_arm/10.3_2021.10/bin/../lib/gcc/arm-none-eabi/10.3.1/../../../../arm-none-eabi/lib/thumb/v8-m.main+fp/hard\libc_nano.a(lib_a-exit.o)
                              h:/si/developer/toolchains/gnu_arm/10.3_2021.10/bin/../lib/gcc/arm-none-eabi/10.3.1/../../../../arm-none-eabi/lib/thumb/v8-m.main+fp/hard/crt0.o (exit)
h:/si/developer/toolchains/gnu_arm/10.3_2021.10/bin/../lib/gcc/arm-none-eabi/10.3.1/../../../../arm-none-eabi/lib/thumb/v8-m.main+fp/hard\libc_nano.a(lib_a-impure.o)
                              h:/si/developer/toolchains/gnu_arm/10.3_2021.10/bin/../lib/gcc/arm-none-eabi/10.3.1/../../../../arm-none-eabi/lib/thumb/v8-m.main+fp/hard\libc_nano.a(lib_a-exit.o) (_global_impure_ptr)
h:/si/developer/toolchains/gnu_arm/10.3_2021.10/bin/../lib/gcc/arm-none-eabi/10.3.1/../../../../arm-none-eabi/lib/thumb/v8-m.main+fp/hard\libc_nano.a(lib_a-init.o)
                              h:/si/developer/toolchains/gnu_arm/10.3_2021.10/bin/../lib/gcc/arm-none-eabi/10.3.1/../../../../arm-none-eabi/lib/thumb/v8-m.main+fp/hard/crt0.o (__libc_init_array)
h:/si/developer/toolchains/gnu_arm/10.3_2021.10/bin/../lib/gcc/arm-none-eabi/10.3.1/../../../../arm-none-eabi/lib/thumb/v8-m.main+fp/hard\libc_nano.a(lib_a-memset.o)
                              h:/si/developer/toolchains/gnu_arm/10.3_2021.10/bin/../lib/gcc/arm-none-eabi/10.3.1/../../../../arm-none-eabi/lib/thumb/v8-m.main+fp/hard/crt0.o (memset)
h:/si/developer/toolchains/gnu_arm/10.3_2021.10/bin/../lib/gcc/arm-none-eabi/10.3.1/../../../../arm-none-eabi/lib/thumb/v8-m.main+fp/hard\libnosys.a(_exit.o)
                              h:/si/developer/toolchains/gnu_arm/10.3_2021.10/bin/../lib/gcc/arm-none-eabi/10.3.1/../../../../arm-none-eabi/lib/thumb/v8-m.main+fp/hard\libc_nano.a(lib_a-exit.o) (_exit)

Discarded input sections

 .text          0x00000000        0x0 h:/si/developer/toolchains/gnu_arm/10.3_2021.10/bin/../lib/gcc/arm-none-eabi/10.3.1/thumb/v8-m.main+fp/hard/crti.o
 .data          0x00000000        0x0 h:/si/developer/toolchains/gnu_arm/10.3_2021.10/bin/../lib/gcc/arm-none-eabi/10.3.1/thumb/v8-m.main+fp/hard/crti.o
 .bss           0x00000000        0x0 h:/si/developer/toolchains/gnu_arm/10.3_2021.10/bin/../lib/gcc/arm-none-eabi/10.3.1/thumb/v8-m.main+fp/hard/crti.o
 .data          0x00000000        0x4 h:/si/developer/toolchains/gnu_arm/10.3_2021.10/bin/../lib/gcc/arm-none-eabi/10.3.1/thumb/v8-m.main+fp/hard/crtbegin.o
 .rodata        0x00000000       0x24 h:/si/developer/toolchains/gnu_arm/10.3_2021.10/bin/../lib/gcc/arm-none-eabi/10.3.1/thumb/v8-m.main+fp/hard/crtbegin.o
 .data          0x00000000        0x0 h:/si/developer/toolchains/gnu_arm/10.3_2021.10/bin/../lib/gcc/arm-none-eabi/10.3.1/../../../../arm-none-eabi/lib/thumb/v8-m.main+fp/hard/crt0.o
 .bss           0x00000000        0x0 h:/si/developer/toolchains/gnu_arm/10.3_2021.10/bin/../lib/gcc/arm-none-eabi/10.3.1/../../../../arm-none-eabi/lib/thumb/v8-m.main+fp/hard/crt0.o
 .ARM.extab     0x00000000        0x0 h:/si/developer/toolchains/gnu_arm/10.3_2021.10/bin/../lib/gcc/arm-none-eabi/10.3.1/../../../../arm-none-eabi/lib/thumb/v8-m.main+fp/hard/crt0.o
 .text          0x00000000        0x0 ./app.o
 .data          0x00000000        0x0 ./app.o
 .bss           0x00000000        0x0 ./app.o
 .text          0x00000000        0x0 ./main.o
 .data          0x00000000        0x0 ./main.o
 .bss           0x00000000        0x0 ./main.o
 .text          0x00000000        0x0 ./autogen/sl_device_init_clocks.o
 .data          0x00000000        0x0 ./autogen/sl_device_init_clocks.o
 .bss           0x00000000        0x0 ./autogen/sl_device_init_clocks.o
 .text          0x00000000        0x0 ./autogen/sl_event_handler.o
 .data          0x00000000        0x0 ./autogen/sl_event_handler.o
 .bss           0x00000000        0x0 ./autogen/sl_event_handler.o
 .text          0x00000000        0x0 ./gecko_sdk_4.3.0/platform/Device/SiliconLabs/BGM22/Source/startup_bgm22.o
 .data          0x00000000        0x0 ./gecko_sdk_4.3.0/platform/Device/SiliconLabs/BGM22/Source/startup_bgm22.o
 .bss           0x00000000        0x0 ./gecko_sdk_4.3.0/platform/Device/SiliconLabs/BGM22/Source/startup_bgm22.o
 .text          0x00000000        0x0 ./gecko_sdk_4.3.0/platform/Device/SiliconLabs/BGM22/Source/system_bgm22.o
 .data          0x00000000        0x0 ./gecko_sdk_4.3.0/platform/Device/SiliconLabs/BGM22/Source/system_bgm22.o
 .bss           0x00000000        0x0 ./gecko_sdk_4.3.0/platform/Device/SiliconLabs/BGM22/Source/system_bgm22.o
 .text.SystemHFRCODPLLClockSet
                0x00000000        0xc ./gecko_sdk_4.3.0/platform/Device/SiliconLabs/BGM22/Source/system_bgm22.o
 .text.SystemLFXOClockSet
                0x00000000        0xc ./gecko_sdk_4.3.0/platform/Device/SiliconLabs/BGM22/Source/system_bgm22.o
 .text          0x00000000        0x0 ./gecko_sdk_4.3.0/platform/common/src/sl_assert.o
 .data          0x00000000        0x0 ./gecko_sdk_4.3.0/platform/common/src/sl_assert.o
 .bss           0x00000000        0x0 ./gecko_sdk_4.3.0/platform/common/src/sl_assert.o
 .text          0x00000000        0x0 ./gecko_sdk_4.3.0/platform/common/toolchain/src/sl_memory.o
 .data          0x00000000        0x0 ./gecko_sdk_4.3.0/platform/common/toolchain/src/sl_memory.o
 .bss           0x00000000        0x0 ./gecko_sdk_4.3.0/platform/common/toolchain/src/sl_memory.o
 .text.sl_memory_get_stack_region
                0x00000000       0x10 ./gecko_sdk_4.3.0/platform/common/toolchain/src/sl_memory.o
 .text.sl_memory_get_heap_region
                0x00000000       0x14 ./gecko_sdk_4.3.0/platform/common/toolchain/src/sl_memory.o
 .text._sbrk    0x00000000       0x20 ./gecko_sdk_4.3.0/platform/common/toolchain/src/sl_memory.o
 .data.heap_end.0
                0x00000000        0x4 ./gecko_sdk_4.3.0/platform/common/toolchain/src/sl_memory.o
 .text          0x00000000        0x0 ./gecko_sdk_4.3.0/platform/emlib/src/em_cmu.o
 .data          0x00000000        0x0 ./gecko_sdk_4.3.0/platform/emlib/src/em_cmu.o
 .bss           0x00000000        0x0 ./gecko_sdk_4.3.0/platform/emlib/src/em_cmu.o
 .text.HFRCODPLLDevinfoGet
                0x00000000      0x10c ./gecko_sdk_4.3.0/platform/emlib/src/em_cmu.o
 .text.BUS_RegMaskedWrite.constprop.0
                0x00000000       0x28 ./gecko_sdk_4.3.0/platform/emlib/src/em_cmu.o
 .text.CMU_CalibrateConfig
                0x00000000       0xd8 ./gecko_sdk_4.3.0/platform/emlib/src/em_cmu.o
 .text.CMU_CalibrateCountGet
                0x00000000       0x1c ./gecko_sdk_4.3.0/platform/emlib/src/em_cmu.o
 .text.CMU_Calibrate
                0x00000000       0x3c ./gecko_sdk_4.3.0/platform/emlib/src/em_cmu.o
 .text.CMU_ClkOutPinConfig
                0x00000000      0x11c ./gecko_sdk_4.3.0/platform/emlib/src/em_cmu.o
 .text.sli_em_cmu_SYSTICEXTCLKENSet
                0x00000000       0x30 ./gecko_sdk_4.3.0/platform/emlib/src/em_cmu.o
 .text.sli_em_cmu_SYSTICEXTCLKENClear
                0x00000000       0x30 ./gecko_sdk_4.3.0/platform/emlib/src/em_cmu.o
 .text.CMU_LF_ClockPrecisionGet
                0x00000000       0x44 ./gecko_sdk_4.3.0/platform/emlib/src/em_cmu.o
 .text.CMU_HF_ClockPrecisionGet
                0x00000000       0x18 ./gecko_sdk_4.3.0/platform/emlib/src/em_cmu.o
 .text.CMU_HFRCODPLLBandGet
                0x00000000        0x4 ./gecko_sdk_4.3.0/platform/emlib/src/em_cmu.o
 .text.CMU_HFXOCTuneSet
                0x00000000       0x94 ./gecko_sdk_4.3.0/platform/emlib/src/em_cmu.o
 .text.CMU_HFXOCTuneGet
                0x00000000       0x64 ./gecko_sdk_4.3.0/platform/emlib/src/em_cmu.o
 .text.CMU_HFXOCTuneDeltaSet
                0x00000000        0xc ./gecko_sdk_4.3.0/platform/emlib/src/em_cmu.o
 .text.CMU_HFXOCoreBiasCurrentCalibrate
                0x00000000       0x78 ./gecko_sdk_4.3.0/platform/emlib/src/em_cmu.o
 .text.CMU_LFXOPrecisionGet
                0x00000000        0xc ./gecko_sdk_4.3.0/platform/emlib/src/em_cmu.o
 .text.CMU_HFXOPrecisionGet
                0x00000000        0xc ./gecko_sdk_4.3.0/platform/emlib/src/em_cmu.o
 .text.CMU_LFRCOSetPrecision
                0x00000000       0x80 ./gecko_sdk_4.3.0/platform/emlib/src/em_cmu.o
 .text.CMU_OscillatorTuningGet
                0x00000000       0x58 ./gecko_sdk_4.3.0/platform/emlib/src/em_cmu.o
 .text.CMU_OscillatorTuningSet
                0x00000000      0x10c ./gecko_sdk_4.3.0/platform/emlib/src/em_cmu.o
 .text.CMU_ClockSelectSet
                0x00000000      0x3fc ./gecko_sdk_4.3.0/platform/emlib/src/em_cmu.o
 .text.CMU_HFRCODPLLBandSet
                0x00000000      0x118 ./gecko_sdk_4.3.0/platform/emlib/src/em_cmu.o
 .text.CMU_DPLLLock
                0x00000000      0x280 ./gecko_sdk_4.3.0/platform/emlib/src/em_cmu.o
 .text.CMU_PCNTClockExternalSet
                0x00000000        0x2 ./gecko_sdk_4.3.0/platform/emlib/src/em_cmu.o
 .rodata.CSWTCH.78
                0x00000000        0x7 ./gecko_sdk_4.3.0/platform/emlib/src/em_cmu.o
 .rodata.CSWTCH.79
                0x00000000        0x4 ./gecko_sdk_4.3.0/platform/emlib/src/em_cmu.o
 .rodata.hfrcoCalTable
                0x00000000      0x190 ./gecko_sdk_4.3.0/platform/emlib/src/em_cmu.o
 .text          0x00000000        0x0 ./gecko_sdk_4.3.0/platform/emlib/src/em_core.o
 .data          0x00000000        0x0 ./gecko_sdk_4.3.0/platform/emlib/src/em_core.o
 .bss           0x00000000        0x0 ./gecko_sdk_4.3.0/platform/emlib/src/em_core.o
 .text.__NVIC_GetPriority
                0x00000000       0x24 ./gecko_sdk_4.3.0/platform/emlib/src/em_core.o
 .text.CORE_CriticalDisableIrq
                0x00000000        0x4 ./gecko_sdk_4.3.0/platform/emlib/src/em_core.o
 .text.CORE_CriticalEnableIrq
                0x00000000        0x4 ./gecko_sdk_4.3.0/platform/emlib/src/em_core.o
 .text.CORE_YieldCritical
                0x00000000       0x12 ./gecko_sdk_4.3.0/platform/emlib/src/em_core.o
 .text.CORE_AtomicDisableIrq
                0x00000000        0x8 ./gecko_sdk_4.3.0/platform/emlib/src/em_core.o
 .text.CORE_AtomicEnableIrq
                0x00000000        0x8 ./gecko_sdk_4.3.0/platform/emlib/src/em_core.o
 .text.CORE_EnterAtomic
                0x00000000        0xc ./gecko_sdk_4.3.0/platform/emlib/src/em_core.o
 .text.CORE_ExitAtomic
                0x00000000        0x6 ./gecko_sdk_4.3.0/platform/emlib/src/em_core.o
 .text.CORE_YieldAtomic
                0x00000000       0x18 ./gecko_sdk_4.3.0/platform/emlib/src/em_core.o
 .text.CORE_EnterNvicMask
                0x00000000       0x2c ./gecko_sdk_4.3.0/platform/emlib/src/em_core.o
 .text.CORE_NvicDisableMask
                0x00000000       0x20 ./gecko_sdk_4.3.0/platform/emlib/src/em_core.o
 .text.CORE_NvicEnableMask
                0x00000000       0x20 ./gecko_sdk_4.3.0/platform/emlib/src/em_core.o
 .text.CORE_YieldNvicMask
                0x00000000       0x34 ./gecko_sdk_4.3.0/platform/emlib/src/em_core.o
 .rodata.CORE_NvicMaskSetIRQ.str1.1
                0x00000000       0x4c ./gecko_sdk_4.3.0/platform/emlib/src/em_core.o
 .text.CORE_NvicMaskSetIRQ
                0x00000000       0x34 ./gecko_sdk_4.3.0/platform/emlib/src/em_core.o
 .text.CORE_NvicMaskClearIRQ
                0x00000000       0x34 ./gecko_sdk_4.3.0/platform/emlib/src/em_core.o
 .text.CORE_InIrqContext
                0x00000000       0x14 ./gecko_sdk_4.3.0/platform/emlib/src/em_core.o
 .text.CORE_IrqIsDisabled
                0x00000000       0x1a ./gecko_sdk_4.3.0/platform/emlib/src/em_core.o
 .text.CORE_GetNvicEnabledMask
                0x00000000       0x20 ./gecko_sdk_4.3.0/platform/emlib/src/em_core.o
 .text.CORE_GetNvicMaskDisableState
                0x00000000       0x2c ./gecko_sdk_4.3.0/platform/emlib/src/em_core.o
 .text.CORE_NvicIRQDisabled
                0x00000000       0x34 ./gecko_sdk_4.3.0/platform/emlib/src/em_core.o
 .text.CORE_IrqIsBlocked
                0x00000000       0x6c ./gecko_sdk_4.3.0/platform/emlib/src/em_core.o
 .text.CORE_GetNvicRamTableHandler
                0x00000000       0x2c ./gecko_sdk_4.3.0/platform/emlib/src/em_core.o
 .text.CORE_SetNvicRamTableHandler
                0x00000000       0x30 ./gecko_sdk_4.3.0/platform/emlib/src/em_core.o
 .text.CORE_InitNvicVectorTable
                0x00000000       0xa0 ./gecko_sdk_4.3.0/platform/emlib/src/em_core.o
 .text          0x00000000        0x0 ./gecko_sdk_4.3.0/platform/emlib/src/em_emu.o
 .data          0x00000000        0x0 ./gecko_sdk_4.3.0/platform/emlib/src/em_emu.o
 .bss           0x00000000        0x0 ./gecko_sdk_4.3.0/platform/emlib/src/em_emu.o
 .ram           0x00000000       0x28 ./gecko_sdk_4.3.0/platform/emlib/src/em_emu.o
 .text.dpllState.part.0
                0x00000000       0x7c ./gecko_sdk_4.3.0/platform/emlib/src/em_emu.o
 .text.dpllState.constprop.0
                0x00000000       0x30 ./gecko_sdk_4.3.0/platform/emlib/src/em_emu.o
 .text.EMU_EM23Init
                0x00000000       0x18 ./gecko_sdk_4.3.0/platform/emlib/src/em_emu.o
 .text.EMU_EM23PresleepHook
                0x00000000        0x2 ./gecko_sdk_4.3.0/platform/emlib/src/em_emu.o
 .text.EMU_EFPEM23PresleepHook
                0x00000000        0x2 ./gecko_sdk_4.3.0/platform/emlib/src/em_emu.o
 .text.EMU_EM23PostsleepHook
                0x00000000        0x2 ./gecko_sdk_4.3.0/platform/emlib/src/em_emu.o
 .text.EMU_EFPEM23PostsleepHook
                0x00000000        0x2 ./gecko_sdk_4.3.0/platform/emlib/src/em_emu.o
 .text.EMU_EnterEM2
                0x00000000       0x48 ./gecko_sdk_4.3.0/platform/emlib/src/em_emu.o
 .text.EMU_EnterEM3
                0x00000000       0x40 ./gecko_sdk_4.3.0/platform/emlib/src/em_emu.o
 .text.EMU_Save
                0x00000000        0x4 ./gecko_sdk_4.3.0/platform/emlib/src/em_emu.o
 .text.EMU_Restore
                0x00000000        0x4 ./gecko_sdk_4.3.0/platform/emlib/src/em_emu.o
 .text.EMU_EM4PresleepHook
                0x00000000        0x2 ./gecko_sdk_4.3.0/platform/emlib/src/em_emu.o
 .text.EMU_EFPEM4PresleepHook
                0x00000000        0x2 ./gecko_sdk_4.3.0/platform/emlib/src/em_emu.o
 .text.EMU_MemPwrDown
                0x00000000        0x2 ./gecko_sdk_4.3.0/platform/emlib/src/em_emu.o
 .text.EMU_RamPowerDown
                0x00000000       0x3c ./gecko_sdk_4.3.0/platform/emlib/src/em_emu.o
 .text.EMU_RamPowerUp
                0x00000000       0x18 ./gecko_sdk_4.3.0/platform/emlib/src/em_emu.o
 .text.EMU_UpdateOscConfig
                0x00000000        0x2 ./gecko_sdk_4.3.0/platform/emlib/src/em_emu.o
 .text.EMU_EM01Init
                0x00000000       0x14 ./gecko_sdk_4.3.0/platform/emlib/src/em_emu.o
 .text.EMU_EnterEM4
                0x00000000       0x84 ./gecko_sdk_4.3.0/platform/emlib/src/em_emu.o
 .text.EMU_EnterEM4Wait
                0x00000000       0x14 ./gecko_sdk_4.3.0/platform/emlib/src/em_emu.o
 .text.EMU_EnterEM4H
                0x00000000        0x4 ./gecko_sdk_4.3.0/platform/emlib/src/em_emu.o
 .text.EMU_EnterEM4S
                0x00000000        0x4 ./gecko_sdk_4.3.0/platform/emlib/src/em_emu.o
 .text.EMU_DCDCPowerOff
                0x00000000        0xc ./gecko_sdk_4.3.0/platform/emlib/src/em_emu.o
 .text.EMU_EM01PeakCurrentSet
                0x00000000       0x7c ./gecko_sdk_4.3.0/platform/emlib/src/em_emu.o
 .text.EMU_TemperatureGet
                0x00000000       0x24 ./gecko_sdk_4.3.0/platform/emlib/src/em_emu.o
 .text.EMU_EFPDirectModeEnable
                0x00000000       0x18 ./gecko_sdk_4.3.0/platform/emlib/src/em_emu.o
 .text.EMU_EFPDriveDecoupleSet
                0x00000000       0x18 ./gecko_sdk_4.3.0/platform/emlib/src/em_emu.o
 .text.EMU_EFPDriveDvddSet
                0x00000000       0x18 ./gecko_sdk_4.3.0/platform/emlib/src/em_emu.o
 .bss.dpllRefClk.0
                0x00000000        0x4 ./gecko_sdk_4.3.0/platform/emlib/src/em_emu.o
 .text          0x00000000        0x0 ./gecko_sdk_4.3.0/platform/emlib/src/em_gpio.o
 .data          0x00000000        0x0 ./gecko_sdk_4.3.0/platform/emlib/src/em_gpio.o
 .bss           0x00000000        0x0 ./gecko_sdk_4.3.0/platform/emlib/src/em_gpio.o
 .rodata.BUS_RegBitWrite.str1.1
                0x00000000       0x4b ./gecko_sdk_4.3.0/platform/emlib/src/em_gpio.o
 .text.BUS_RegBitWrite
                0x00000000       0x30 ./gecko_sdk_4.3.0/platform/emlib/src/em_gpio.o
 .text.GPIO_DbgLocationSet
                0x00000000        0x2 ./gecko_sdk_4.3.0/platform/emlib/src/em_gpio.o
 .text.GPIO_ExtIntConfig
                0x00000000       0xf4 ./gecko_sdk_4.3.0/platform/emlib/src/em_gpio.o
 .text.GPIO_PinModeGet
                0x00000000       0x58 ./gecko_sdk_4.3.0/platform/emlib/src/em_gpio.o
 .text.GPIO_EM4EnablePinWakeup
                0x00000000       0x7c ./gecko_sdk_4.3.0/platform/emlib/src/em_gpio.o
 .text.GPIO_EM4WUExtIntConfig
                0x00000000       0x74 ./gecko_sdk_4.3.0/platform/emlib/src/em_gpio.o
 .text          0x00000000        0x0 ./gecko_sdk_4.3.0/platform/emlib/src/em_msc.o
 .data          0x00000000        0x0 ./gecko_sdk_4.3.0/platform/emlib/src/em_msc.o
 .bss           0x00000000        0x0 ./gecko_sdk_4.3.0/platform/emlib/src/em_msc.o
 .ram           0x00000000      0x1e8 ./gecko_sdk_4.3.0/platform/emlib/src/em_msc.o
 .rodata.str1.1
                0x00000000       0x4b ./gecko_sdk_4.3.0/platform/emlib/src/em_msc.o
 .text.MSC_Init
                0x00000000       0x20 ./gecko_sdk_4.3.0/platform/emlib/src/em_msc.o
 .text.MSC_Deinit
                0x00000000       0x24 ./gecko_sdk_4.3.0/platform/emlib/src/em_msc.o
 .text.MSC_ExecConfigSet
                0x00000000       0x18 ./gecko_sdk_4.3.0/platform/emlib/src/em_msc.o
 .text.MSC_WriteWordDma
                0x00000000       0xf0 ./gecko_sdk_4.3.0/platform/emlib/src/em_msc.o
 .text.MSC_EccConfigSet
                0x00000000       0x98 ./gecko_sdk_4.3.0/platform/emlib/src/em_msc.o
 .debug_info    0x00000000     0x2b94 ./gecko_sdk_4.3.0/platform/emlib/src/em_msc.o
 .debug_abbrev  0x00000000      0x2c7 ./gecko_sdk_4.3.0/platform/emlib/src/em_msc.o
 .debug_loc     0x00000000      0x83a ./gecko_sdk_4.3.0/platform/emlib/src/em_msc.o
 .debug_aranges
                0x00000000       0x68 ./gecko_sdk_4.3.0/platform/emlib/src/em_msc.o
 .debug_ranges  0x00000000       0xa8 ./gecko_sdk_4.3.0/platform/emlib/src/em_msc.o
 .debug_line    0x00000000      0x862 ./gecko_sdk_4.3.0/platform/emlib/src/em_msc.o
 .debug_str     0x00000000     0x16a9 ./gecko_sdk_4.3.0/platform/emlib/src/em_msc.o
 .comment       0x00000000       0x4a ./gecko_sdk_4.3.0/platform/emlib/src/em_msc.o
 .debug_frame   0x00000000      0x12c ./gecko_sdk_4.3.0/platform/emlib/src/em_msc.o
 .ARM.attributes
                0x00000000       0x3a ./gecko_sdk_4.3.0/platform/emlib/src/em_msc.o
 .text          0x00000000        0x0 ./gecko_sdk_4.3.0/platform/emlib/src/em_system.o
 .data          0x00000000        0x0 ./gecko_sdk_4.3.0/platform/emlib/src/em_system.o
 .bss           0x00000000        0x0 ./gecko_sdk_4.3.0/platform/emlib/src/em_system.o
 .text.SYSTEM_ChipRevisionGet
                0x00000000       0x24 ./gecko_sdk_4.3.0/platform/emlib/src/em_system.o
 .text.SYSTEM_GetCalibrationValue
                0x00000000       0x30 ./gecko_sdk_4.3.0/platform/emlib/src/em_system.o
 .text.SYSTEM_GetSecurityCapability
                0x00000000        0xc ./gecko_sdk_4.3.0/platform/emlib/src/em_system.o
 .text.SYSTEM_GetUnique
                0x00000000        0xc ./gecko_sdk_4.3.0/platform/emlib/src/em_system.o
 .text.SYSTEM_GetSRAMBaseAddress
                0x00000000        0x6 ./gecko_sdk_4.3.0/platform/emlib/src/em_system.o
 .text.SYSTEM_GetSRAMSize
                0x00000000       0x10 ./gecko_sdk_4.3.0/platform/emlib/src/em_system.o
 .text.SYSTEM_GetFlashSize
                0x00000000        0xc ./gecko_sdk_4.3.0/platform/emlib/src/em_system.o
 .text.SYSTEM_GetFlashPageSize
                0x00000000       0x14 ./gecko_sdk_4.3.0/platform/emlib/src/em_system.o
 .text.SYSTEM_GetPartNumber
                0x00000000        0xc ./gecko_sdk_4.3.0/platform/emlib/src/em_system.o
 .text.SYSTEM_GetCalibrationTemperature
                0x00000000        0xc ./gecko_sdk_4.3.0/platform/emlib/src/em_system.o
 .text.SYSTEM_GetFamily
                0x00000000       0x18 ./gecko_sdk_4.3.0/platform/emlib/src/em_system.o
 .text          0x00000000        0x0 ./gecko_sdk_4.3.0/platform/service/device_init/src/sl_device_init_dcdc_s2.o
 .data          0x00000000        0x0 ./gecko_sdk_4.3.0/platform/service/device_init/src/sl_device_init_dcdc_s2.o
 .bss           0x00000000        0x0 ./gecko_sdk_4.3.0/platform/service/device_init/src/sl_device_init_dcdc_s2.o
 .text          0x00000000        0x0 ./gecko_sdk_4.3.0/platform/service/device_init/src/sl_device_init_emu_s2.o
 .data          0x00000000        0x0 ./gecko_sdk_4.3.0/platform/service/device_init/src/sl_device_init_emu_s2.o
 .bss           0x00000000        0x0 ./gecko_sdk_4.3.0/platform/service/device_init/src/sl_device_init_emu_s2.o
 .text          0x00000000        0x0 ./gecko_sdk_4.3.0/platform/service/device_init/src/sl_device_init_hfxo_s2.o
 .data          0x00000000        0x0 ./gecko_sdk_4.3.0/platform/service/device_init/src/sl_device_init_hfxo_s2.o
 .bss           0x00000000        0x0 ./gecko_sdk_4.3.0/platform/service/device_init/src/sl_device_init_hfxo_s2.o
 .text          0x00000000        0x0 ./gecko_sdk_4.3.0/platform/service/device_init/src/sl_device_init_lfxo_s2.o
 .data          0x00000000        0x0 ./gecko_sdk_4.3.0/platform/service/device_init/src/sl_device_init_lfxo_s2.o
 .bss           0x00000000        0x0 ./gecko_sdk_4.3.0/platform/service/device_init/src/sl_device_init_lfxo_s2.o
 .text          0x00000000        0x0 ./gecko_sdk_4.3.0/platform/service/device_init/src/sl_device_init_nvic.o
 .data          0x00000000        0x0 ./gecko_sdk_4.3.0/platform/service/device_init/src/sl_device_init_nvic.o
 .bss           0x00000000        0x0 ./gecko_sdk_4.3.0/platform/service/device_init/src/sl_device_init_nvic.o
 .text          0x00000000        0x0 ./gecko_sdk_4.3.0/platform/service/system/src/sl_system_init.o
 .data          0x00000000        0x0 ./gecko_sdk_4.3.0/platform/service/system/src/sl_system_init.o
 .bss           0x00000000        0x0 ./gecko_sdk_4.3.0/platform/service/system/src/sl_system_init.o
 .text          0x00000000        0x0 ./gecko_sdk_4.3.0/platform/service/system/src/sl_system_process_action.o
 .data          0x00000000        0x0 ./gecko_sdk_4.3.0/platform/service/system/src/sl_system_process_action.o
 .bss           0x00000000        0x0 ./gecko_sdk_4.3.0/platform/service/system/src/sl_system_process_action.o
 .text          0x00000000        0x0 h:/si/developer/toolchains/gnu_arm/10.3_2021.10/bin/../lib/gcc/arm-none-eabi/10.3.1/../../../../arm-none-eabi/lib/thumb/v8-m.main+fp/hard\libc_nano.a(lib_a-exit.o)
 .data          0x00000000        0x0 h:/si/developer/toolchains/gnu_arm/10.3_2021.10/bin/../lib/gcc/arm-none-eabi/10.3.1/../../../../arm-none-eabi/lib/thumb/v8-m.main+fp/hard\libc_nano.a(lib_a-exit.o)
 .bss           0x00000000        0x0 h:/si/developer/toolchains/gnu_arm/10.3_2021.10/bin/../lib/gcc/arm-none-eabi/10.3.1/../../../../arm-none-eabi/lib/thumb/v8-m.main+fp/hard\libc_nano.a(lib_a-exit.o)
 .text          0x00000000        0x0 h:/si/developer/toolchains/gnu_arm/10.3_2021.10/bin/../lib/gcc/arm-none-eabi/10.3.1/../../../../arm-none-eabi/lib/thumb/v8-m.main+fp/hard\libc_nano.a(lib_a-impure.o)
 .data          0x00000000        0x0 h:/si/developer/toolchains/gnu_arm/10.3_2021.10/bin/../lib/gcc/arm-none-eabi/10.3.1/../../../../arm-none-eabi/lib/thumb/v8-m.main+fp/hard\libc_nano.a(lib_a-impure.o)
 .bss           0x00000000        0x0 h:/si/developer/toolchains/gnu_arm/10.3_2021.10/bin/../lib/gcc/arm-none-eabi/10.3.1/../../../../arm-none-eabi/lib/thumb/v8-m.main+fp/hard\libc_nano.a(lib_a-impure.o)
 .data._impure_ptr
                0x00000000        0x4 h:/si/developer/toolchains/gnu_arm/10.3_2021.10/bin/../lib/gcc/arm-none-eabi/10.3.1/../../../../arm-none-eabi/lib/thumb/v8-m.main+fp/hard\libc_nano.a(lib_a-impure.o)
 .text          0x00000000        0x0 h:/si/developer/toolchains/gnu_arm/10.3_2021.10/bin/../lib/gcc/arm-none-eabi/10.3.1/../../../../arm-none-eabi/lib/thumb/v8-m.main+fp/hard\libc_nano.a(lib_a-init.o)
 .data          0x00000000        0x0 h:/si/developer/toolchains/gnu_arm/10.3_2021.10/bin/../lib/gcc/arm-none-eabi/10.3.1/../../../../arm-none-eabi/lib/thumb/v8-m.main+fp/hard\libc_nano.a(lib_a-init.o)
 .bss           0x00000000        0x0 h:/si/developer/toolchains/gnu_arm/10.3_2021.10/bin/../lib/gcc/arm-none-eabi/10.3.1/../../../../arm-none-eabi/lib/thumb/v8-m.main+fp/hard\libc_nano.a(lib_a-init.o)
 .text          0x00000000        0x0 h:/si/developer/toolchains/gnu_arm/10.3_2021.10/bin/../lib/gcc/arm-none-eabi/10.3.1/../../../../arm-none-eabi/lib/thumb/v8-m.main+fp/hard\libc_nano.a(lib_a-memset.o)
 .data          0x00000000        0x0 h:/si/developer/toolchains/gnu_arm/10.3_2021.10/bin/../lib/gcc/arm-none-eabi/10.3.1/../../../../arm-none-eabi/lib/thumb/v8-m.main+fp/hard\libc_nano.a(lib_a-memset.o)
 .bss           0x00000000        0x0 h:/si/developer/toolchains/gnu_arm/10.3_2021.10/bin/../lib/gcc/arm-none-eabi/10.3.1/../../../../arm-none-eabi/lib/thumb/v8-m.main+fp/hard\libc_nano.a(lib_a-memset.o)
 .text          0x00000000        0x0 h:/si/developer/toolchains/gnu_arm/10.3_2021.10/bin/../lib/gcc/arm-none-eabi/10.3.1/../../../../arm-none-eabi/lib/thumb/v8-m.main+fp/hard\libnosys.a(_exit.o)
 .data          0x00000000        0x0 h:/si/developer/toolchains/gnu_arm/10.3_2021.10/bin/../lib/gcc/arm-none-eabi/10.3.1/../../../../arm-none-eabi/lib/thumb/v8-m.main+fp/hard\libnosys.a(_exit.o)
 .bss           0x00000000        0x0 h:/si/developer/toolchains/gnu_arm/10.3_2021.10/bin/../lib/gcc/arm-none-eabi/10.3.1/../../../../arm-none-eabi/lib/thumb/v8-m.main+fp/hard\libnosys.a(_exit.o)
 .text          0x00000000        0x0 h:/si/developer/toolchains/gnu_arm/10.3_2021.10/bin/../lib/gcc/arm-none-eabi/10.3.1/thumb/v8-m.main+fp/hard/crtend.o
 .data          0x00000000        0x0 h:/si/developer/toolchains/gnu_arm/10.3_2021.10/bin/../lib/gcc/arm-none-eabi/10.3.1/thumb/v8-m.main+fp/hard/crtend.o
 .bss           0x00000000        0x0 h:/si/developer/toolchains/gnu_arm/10.3_2021.10/bin/../lib/gcc/arm-none-eabi/10.3.1/thumb/v8-m.main+fp/hard/crtend.o
 .rodata        0x00000000       0x24 h:/si/developer/toolchains/gnu_arm/10.3_2021.10/bin/../lib/gcc/arm-none-eabi/10.3.1/thumb/v8-m.main+fp/hard/crtend.o
 .eh_frame      0x00000000        0x4 h:/si/developer/toolchains/gnu_arm/10.3_2021.10/bin/../lib/gcc/arm-none-eabi/10.3.1/thumb/v8-m.main+fp/hard/crtend.o
 .ARM.attributes
                0x00000000       0x38 h:/si/developer/toolchains/gnu_arm/10.3_2021.10/bin/../lib/gcc/arm-none-eabi/10.3.1/thumb/v8-m.main+fp/hard/crtend.o
 .text          0x00000000        0x0 h:/si/developer/toolchains/gnu_arm/10.3_2021.10/bin/../lib/gcc/arm-none-eabi/10.3.1/thumb/v8-m.main+fp/hard/crtn.o
 .data          0x00000000        0x0 h:/si/developer/toolchains/gnu_arm/10.3_2021.10/bin/../lib/gcc/arm-none-eabi/10.3.1/thumb/v8-m.main+fp/hard/crtn.o
 .bss           0x00000000        0x0 h:/si/developer/toolchains/gnu_arm/10.3_2021.10/bin/../lib/gcc/arm-none-eabi/10.3.1/thumb/v8-m.main+fp/hard/crtn.o

Memory Configuration

Name             Origin             Length             Attributes
FLASH            0x00000000         0x0007e000         xr
RAM              0x20000000         0x00008000         xrw
*default*        0x00000000         0xffffffff

Linker script and memory map

LOAD h:/si/developer/toolchains/gnu_arm/10.3_2021.10/bin/../lib/gcc/arm-none-eabi/10.3.1/thumb/v8-m.main+fp/hard/crti.o
LOAD h:/si/developer/toolchains/gnu_arm/10.3_2021.10/bin/../lib/gcc/arm-none-eabi/10.3.1/thumb/v8-m.main+fp/hard/crtbegin.o
LOAD h:/si/developer/toolchains/gnu_arm/10.3_2021.10/bin/../lib/gcc/arm-none-eabi/10.3.1/../../../../arm-none-eabi/lib/thumb/v8-m.main+fp/hard/crt0.o
START GROUP
LOAD ./app.o
LOAD ./main.o
LOAD ./autogen/sl_device_init_clocks.o
LOAD ./autogen/sl_event_handler.o
LOAD ./gecko_sdk_4.3.0/platform/Device/SiliconLabs/BGM22/Source/startup_bgm22.o
LOAD ./gecko_sdk_4.3.0/platform/Device/SiliconLabs/BGM22/Source/system_bgm22.o
LOAD ./gecko_sdk_4.3.0/platform/common/src/sl_assert.o
LOAD ./gecko_sdk_4.3.0/platform/common/toolchain/src/sl_memory.o
LOAD ./gecko_sdk_4.3.0/platform/emlib/src/em_cmu.o
LOAD ./gecko_sdk_4.3.0/platform/emlib/src/em_core.o
LOAD ./gecko_sdk_4.3.0/platform/emlib/src/em_emu.o
LOAD ./gecko_sdk_4.3.0/platform/emlib/src/em_gpio.o
LOAD ./gecko_sdk_4.3.0/platform/emlib/src/em_msc.o
LOAD ./gecko_sdk_4.3.0/platform/emlib/src/em_system.o
LOAD ./gecko_sdk_4.3.0/platform/service/device_init/src/sl_device_init_dcdc_s2.o
LOAD ./gecko_sdk_4.3.0/platform/service/device_init/src/sl_device_init_emu_s2.o
LOAD ./gecko_sdk_4.3.0/platform/service/device_init/src/sl_device_init_hfxo_s2.o
LOAD ./gecko_sdk_4.3.0/platform/service/device_init/src/sl_device_init_lfxo_s2.o
LOAD ./gecko_sdk_4.3.0/platform/service/device_init/src/sl_device_init_nvic.o
LOAD ./gecko_sdk_4.3.0/platform/service/system/src/sl_system_init.o
LOAD ./gecko_sdk_4.3.0/platform/service/system/src/sl_system_process_action.o
LOAD h:/si/developer/toolchains/gnu_arm/10.3_2021.10/bin/../lib/gcc/arm-none-eabi/10.3.1/thumb/v8-m.main+fp/hard\libgcc.a
LOAD h:/si/developer/toolchains/gnu_arm/10.3_2021.10/bin/../lib/gcc/arm-none-eabi/10.3.1/../../../../arm-none-eabi/lib/thumb/v8-m.main+fp/hard\libc_nano.a
LOAD h:/si/developer/toolchains/gnu_arm/10.3_2021.10/bin/../lib/gcc/arm-none-eabi/10.3.1/../../../../arm-none-eabi/lib/thumb/v8-m.main+fp/hard\libm.a
LOAD h:/si/developer/toolchains/gnu_arm/10.3_2021.10/bin/../lib/gcc/arm-none-eabi/10.3.1/../../../../arm-none-eabi/lib/thumb/v8-m.main+fp/hard\libnosys.a
END GROUP
START GROUP
LOAD h:/si/developer/toolchains/gnu_arm/10.3_2021.10/bin/../lib/gcc/arm-none-eabi/10.3.1/thumb/v8-m.main+fp/hard\libgcc.a
LOAD h:/si/developer/toolchains/gnu_arm/10.3_2021.10/bin/../lib/gcc/arm-none-eabi/10.3.1/../../../../arm-none-eabi/lib/thumb/v8-m.main+fp/hard\libc_nano.a
LOAD h:/si/developer/toolchains/gnu_arm/10.3_2021.10/bin/../lib/gcc/arm-none-eabi/10.3.1/../../../../arm-none-eabi/lib/thumb/v8-m.main+fp/hard\libnosys.a
END GROUP
START GROUP
LOAD h:/si/developer/toolchains/gnu_arm/10.3_2021.10/bin/../lib/gcc/arm-none-eabi/10.3.1/thumb/v8-m.main+fp/hard\libgcc.a
LOAD h:/si/developer/toolchains/gnu_arm/10.3_2021.10/bin/../lib/gcc/arm-none-eabi/10.3.1/../../../../arm-none-eabi/lib/thumb/v8-m.main+fp/hard\libg_nano.a
LOAD h:/si/developer/toolchains/gnu_arm/10.3_2021.10/bin/../lib/gcc/arm-none-eabi/10.3.1/../../../../arm-none-eabi/lib/thumb/v8-m.main+fp/hard\libc_nano.a
END GROUP
START GROUP
LOAD h:/si/developer/toolchains/gnu_arm/10.3_2021.10/bin/../lib/gcc/arm-none-eabi/10.3.1/thumb/v8-m.main+fp/hard\libgcc.a
LOAD h:/si/developer/toolchains/gnu_arm/10.3_2021.10/bin/../lib/gcc/arm-none-eabi/10.3.1/../../../../arm-none-eabi/lib/thumb/v8-m.main+fp/hard\libc_nano.a
END GROUP
LOAD h:/si/developer/toolchains/gnu_arm/10.3_2021.10/bin/../lib/gcc/arm-none-eabi/10.3.1/thumb/v8-m.main+fp/hard/crtend.o
LOAD h:/si/developer/toolchains/gnu_arm/10.3_2021.10/bin/../lib/gcc/arm-none-eabi/10.3.1/thumb/v8-m.main+fp/hard/crtn.o

.text           0x00000000     0x1790
                0x00000000                linker_vectors_begin = .
 *(.vectors)
 .vectors       0x00000000      0x140 ./gecko_sdk_4.3.0/platform/Device/SiliconLabs/BGM22/Source/startup_bgm22.o
                0x00000000                __Vectors
                0x00000140                linker_vectors_end = .
                0x00000140                __Vectors_End = .
                0x00000140                __Vectors_Size = (__Vectors_End - __Vectors)
                0x00000140                linker_code_begin = .
 *(SORT_BY_ALIGNMENT(.text*))
 .text          0x00000140       0x40 h:/si/developer/toolchains/gnu_arm/10.3_2021.10/bin/../lib/gcc/arm-none-eabi/10.3.1/thumb/v8-m.main+fp/hard/crtbegin.o
 .text          0x00000180       0x7c h:/si/developer/toolchains/gnu_arm/10.3_2021.10/bin/../lib/gcc/arm-none-eabi/10.3.1/../../../../arm-none-eabi/lib/thumb/v8-m.main+fp/hard/crt0.o
                0x00000180                _stack_init
                0x00000188                _start
                0x00000188                _mainCRTStartup
 .text.app_process_action
                0x000001fc       0x6c ./app.o
                0x000001fc                app_process_action
 .text.sl_device_init_clocks
                0x00000268       0x9c ./autogen/sl_device_init_clocks.o
                0x00000268                sl_device_init_clocks
 .text.sl_platform_init
                0x00000304       0x50 ./autogen/sl_event_handler.o
                0x00000304                sl_platform_init
 .text.Reset_Handler
                0x00000354       0x60 ./gecko_sdk_4.3.0/platform/Device/SiliconLabs/BGM22/Source/startup_bgm22.o
                0x00000354                Reset_Handler
 .text.SystemInit
                0x000003b4       0x64 ./gecko_sdk_4.3.0/platform/Device/SiliconLabs/BGM22/Source/system_bgm22.o
                0x000003b4                SystemInit
 .text.SystemHFRCODPLLClockGet
                0x00000418        0xc ./gecko_sdk_4.3.0/platform/Device/SiliconLabs/BGM22/Source/system_bgm22.o
                0x00000418                SystemHFRCODPLLClockGet
 .text.SystemSYSCLKGet
                0x00000424       0x34 ./gecko_sdk_4.3.0/platform/Device/SiliconLabs/BGM22/Source/system_bgm22.o
                0x00000424                SystemSYSCLKGet
 .text.SystemHCLKGet
                0x00000458       0x24 ./gecko_sdk_4.3.0/platform/Device/SiliconLabs/BGM22/Source/system_bgm22.o
                0x00000458                SystemHCLKGet
 .text.SystemMaxCoreClockGet
                0x0000047c        0x8 ./gecko_sdk_4.3.0/platform/Device/SiliconLabs/BGM22/Source/system_bgm22.o
                0x0000047c                SystemMaxCoreClockGet
 .text.SystemHFXOClockGet
                0x00000484        0xc ./gecko_sdk_4.3.0/platform/Device/SiliconLabs/BGM22/Source/system_bgm22.o
                0x00000484                SystemHFXOClockGet
 .text.SystemHFXOClockSet
                0x00000490       0x20 ./gecko_sdk_4.3.0/platform/Device/SiliconLabs/BGM22/Source/system_bgm22.o
                0x00000490                SystemHFXOClockSet
 .text.SystemFSRCOClockGet
                0x000004b0        0x8 ./gecko_sdk_4.3.0/platform/Device/SiliconLabs/BGM22/Source/system_bgm22.o
                0x000004b0                SystemFSRCOClockGet
 .text.SystemLFXOClockGet
                0x000004b8        0xc ./gecko_sdk_4.3.0/platform/Device/SiliconLabs/BGM22/Source/system_bgm22.o
                0x000004b8                SystemLFXOClockGet
 .text.EMU_VScaleGet
                0x000004c4       0x18 ./gecko_sdk_4.3.0/platform/emlib/src/em_cmu.o
 .text.em01GrpaClkGet
                0x000004dc       0x48 ./gecko_sdk_4.3.0/platform/emlib/src/em_cmu.o
 .text.iadcClkGet
                0x00000524       0x54 ./gecko_sdk_4.3.0/platform/emlib/src/em_cmu.o
 .text.em01GrpbClkGet
                0x00000578       0x74 ./gecko_sdk_4.3.0/platform/emlib/src/em_cmu.o
 .text.em23GrpaClkGet
                0x000005ec       0x48 ./gecko_sdk_4.3.0/platform/emlib/src/em_cmu.o
 .text.wdog0ClkGet
                0x00000634       0x64 ./gecko_sdk_4.3.0/platform/emlib/src/em_cmu.o
 .text.rtccClkGet
                0x00000698       0x54 ./gecko_sdk_4.3.0/platform/emlib/src/em_cmu.o
 .text.em4GrpaClkGet
                0x000006ec       0x48 ./gecko_sdk_4.3.0/platform/emlib/src/em_cmu.o
 .text.euart0ClkGet
                0x00000734       0x48 ./gecko_sdk_4.3.0/platform/emlib/src/em_cmu.o
 .text.CMU_ClockDivGet
                0x0000077c       0x84 ./gecko_sdk_4.3.0/platform/emlib/src/em_cmu.o
                0x0000077c                CMU_ClockDivGet
 .text.flashWaitStateControl
                0x00000800       0x4c ./gecko_sdk_4.3.0/platform/emlib/src/em_cmu.o
 .text.CMU_ClockEnable
                0x0000084c       0x54 ./gecko_sdk_4.3.0/platform/emlib/src/em_cmu.o
                0x0000084c                CMU_ClockEnable
 .text.CMU_ClockFreqGet
                0x000008a0      0x194 ./gecko_sdk_4.3.0/platform/emlib/src/em_cmu.o
                0x000008a0                CMU_ClockFreqGet
 .text.rhclkPrescOptimize
                0x00000a34       0x20 ./gecko_sdk_4.3.0/platform/emlib/src/em_cmu.o
 .text.CMU_ClockSelectGet
                0x00000a54      0x168 ./gecko_sdk_4.3.0/platform/emlib/src/em_cmu.o
                0x00000a54                CMU_ClockSelectGet
 .text.sli_em_cmu_HFXOSetForceEnable
                0x00000bbc       0x18 ./gecko_sdk_4.3.0/platform/emlib/src/em_cmu.o
                0x00000bbc                sli_em_cmu_HFXOSetForceEnable
 .text.CMU_HFXOInit
                0x00000bd4      0x1e4 ./gecko_sdk_4.3.0/platform/emlib/src/em_cmu.o
                0x00000bd4                CMU_HFXOInit
 .text.CMU_HFXOCTuneDeltaGet
                0x00000db8        0xc ./gecko_sdk_4.3.0/platform/emlib/src/em_cmu.o
                0x00000db8                CMU_HFXOCTuneDeltaGet
 .text.CMU_LFXOInit
                0x00000dc4       0xc4 ./gecko_sdk_4.3.0/platform/emlib/src/em_cmu.o
                0x00000dc4                CMU_LFXOInit
 .text.CMU_LFXOPrecisionSet
                0x00000e88        0xc ./gecko_sdk_4.3.0/platform/emlib/src/em_cmu.o
                0x00000e88                CMU_LFXOPrecisionSet
 .text.CMU_HFXOPrecisionSet
                0x00000e94        0xc ./gecko_sdk_4.3.0/platform/emlib/src/em_cmu.o
                0x00000e94                CMU_HFXOPrecisionSet
 .text.CMU_ClockDivSet
                0x00000ea0      0x104 ./gecko_sdk_4.3.0/platform/emlib/src/em_cmu.o
                0x00000ea0                CMU_ClockDivSet
 .text.sli_em_cmu_SYSCLKInitPreClockSelect
                0x00000fa4       0x20 ./gecko_sdk_4.3.0/platform/emlib/src/em_cmu.o
                0x00000fa4                sli_em_cmu_SYSCLKInitPreClockSelect
 .text.pclkDivOptimize
                0x00000fc4       0x24 ./gecko_sdk_4.3.0/platform/emlib/src/em_cmu.o
 .text.EMU_EM4Init
                0x00000fe8       0x14 ./gecko_sdk_4.3.0/platform/emlib/src/em_emu.o
                0x00000fe8                EMU_EM4Init
 .text.EMU_VScaleEM01
                0x00000ffc       0xb0 ./gecko_sdk_4.3.0/platform/emlib/src/em_emu.o
                0x00000ffc                EMU_VScaleEM01
 .text.EMU_VScaleEM01ByClock
                0x000010ac       0x30 ./gecko_sdk_4.3.0/platform/emlib/src/em_emu.o
                0x000010ac                EMU_VScaleEM01ByClock
 .text.EMU_DCDCModeSet
                0x000010dc       0xbc ./gecko_sdk_4.3.0/platform/emlib/src/em_emu.o
                0x000010dc                EMU_DCDCModeSet
 .text.EMU_DCDCInit
                0x00001198       0x7c ./gecko_sdk_4.3.0/platform/emlib/src/em_emu.o
                0x00001198                EMU_DCDCInit
 .text.GPIO_PinOutSet
                0x00001214       0x54 ./gecko_sdk_4.3.0/platform/emlib/src/em_gpio.o
 .text.GPIO_PinOutClear
                0x00001268       0x54 ./gecko_sdk_4.3.0/platform/emlib/src/em_gpio.o
 .text.GPIO_PinModeSet
                0x000012bc       0xa0 ./gecko_sdk_4.3.0/platform/emlib/src/em_gpio.o
                0x000012bc                GPIO_PinModeSet
 .text.SYSTEM_GetProdRev
                0x0000135c       0x10 ./gecko_sdk_4.3.0/platform/emlib/src/em_system.o
                0x0000135c                SYSTEM_GetProdRev
 .text.sl_device_init_dcdc
                0x0000136c       0x20 ./gecko_sdk_4.3.0/platform/service/device_init/src/sl_device_init_dcdc_s2.o
                0x0000136c                sl_device_init_dcdc
 .text.sl_device_init_emu
                0x0000138c       0x24 ./gecko_sdk_4.3.0/platform/service/device_init/src/sl_device_init_emu_s2.o
                0x0000138c                sl_device_init_emu
 .text.sl_device_init_hfxo
                0x000013b0       0x74 ./gecko_sdk_4.3.0/platform/service/device_init/src/sl_device_init_hfxo_s2.o
                0x000013b0                sl_device_init_hfxo
 .text.sl_device_init_lfxo
                0x00001424       0x2c ./gecko_sdk_4.3.0/platform/service/device_init/src/sl_device_init_lfxo_s2.o
                0x00001424                sl_device_init_lfxo
 .text.sl_device_init_nvic
                0x00001450       0x3c ./gecko_sdk_4.3.0/platform/service/device_init/src/sl_device_init_nvic.o
                0x00001450                sl_device_init_nvic
 .text.exit     0x0000148c       0x28 h:/si/developer/toolchains/gnu_arm/10.3_2021.10/bin/../lib/gcc/arm-none-eabi/10.3.1/../../../../arm-none-eabi/lib/thumb/v8-m.main+fp/hard\libc_nano.a(lib_a-exit.o)
                0x0000148c                exit
 .text.__libc_init_array
                0x000014b4       0x48 h:/si/developer/toolchains/gnu_arm/10.3_2021.10/bin/../lib/gcc/arm-none-eabi/10.3.1/../../../../arm-none-eabi/lib/thumb/v8-m.main+fp/hard\libc_nano.a(lib_a-init.o)
                0x000014b4                __libc_init_array
 .text._exit    0x000014fc        0x4 h:/si/developer/toolchains/gnu_arm/10.3_2021.10/bin/../lib/gcc/arm-none-eabi/10.3.1/../../../../arm-none-eabi/lib/thumb/v8-m.main+fp/hard\libnosys.a(_exit.o)
                0x000014fc                _exit
 .text.app_init
                0x00001500        0x2 ./app.o
                0x00001500                app_init
 .text.startup.main
                0x00001502       0x14 ./main.o
                0x00001502                main
 .text.sl_driver_init
                0x00001516        0x2 ./autogen/sl_event_handler.o
                0x00001516                sl_driver_init
 .text.sl_service_init
                0x00001518        0x2 ./autogen/sl_event_handler.o
                0x00001518                sl_service_init
 .text.sl_stack_init
                0x0000151a        0x2 ./autogen/sl_event_handler.o
                0x0000151a                sl_stack_init
 .text.sl_internal_app_init
                0x0000151c        0x2 ./autogen/sl_event_handler.o
                0x0000151c                sl_internal_app_init
 .text.sl_platform_process_action
                0x0000151e        0x2 ./autogen/sl_event_handler.o
                0x0000151e                sl_platform_process_action
 .text.sl_service_process_action
                0x00001520        0x2 ./autogen/sl_event_handler.o
                0x00001520                sl_service_process_action
 .text.sl_stack_process_action
                0x00001522        0x2 ./autogen/sl_event_handler.o
                0x00001522                sl_stack_process_action
 .text.sl_internal_app_process_action
                0x00001524        0x2 ./autogen/sl_event_handler.o
                0x00001524                sl_internal_app_process_action
 .text.Default_Handler
                0x00001526        0x2 ./gecko_sdk_4.3.0/platform/Device/SiliconLabs/BGM22/Source/startup_bgm22.o
                0x00001526                ULFRCO_IRQHandler
                0x00001526                SW2_IRQHandler
                0x00001526                TIMER2_IRQHandler
                0x00001526                DebugMon_Handler
                0x00001526                PKE_IRQHandler
                0x00001526                USART0_TX_IRQHandler
                0x00001526                PRORTC_IRQHandler
                0x00001526                IADC_IRQHandler
                0x00001526                I2C0_IRQHandler
                0x00001526                LFXO_IRQHandler
                0x00001526                CRYPTOACC_IRQHandler
                0x00001526                HardFault_Handler
                0x00001526                SMU_SECURE_IRQHandler
                0x00001526                SysTick_Handler
                0x00001526                USART1_RX_IRQHandler
                0x00001526                EMUEFP_IRQHandler
                0x00001526                PendSV_Handler
                0x00001526                NMI_Handler
                0x00001526                SYNTH_IRQHandler
                0x00001526                HFXO0_IRQHandler
                0x00001526                I2C1_IRQHandler
                0x00001526                PDM_IRQHandler
                0x00001526                WDOG0_IRQHandler
                0x00001526                TIMER3_IRQHandler
                0x00001526                SYSCFG_IRQHandler
                0x00001526                EMUSE_IRQHandler
                0x00001526                EMUDG_IRQHandler
                0x00001526                USART1_TX_IRQHandler
                0x00001526                MSC_IRQHandler
                0x00001526                DPLL0_IRQHandler
                0x00001526                UsageFault_Handler
                0x00001526                M33CTI1_IRQHandler
                0x00001526                TIMER4_IRQHandler
                0x00001526                GPIO_EVEN_IRQHandler
                0x00001526                LDMA_IRQHandler
                0x00001526                SW0_IRQHandler
                0x00001526                TIMER0_IRQHandler
                0x00001526                LETIMER0_IRQHandler
                0x00001526                TIMER1_IRQHandler
                0x00001526                HFRCO0_IRQHandler
                0x00001526                RFSENSE_IRQHandler
                0x00001526                SecureFault_Handler
                0x00001526                BUFC_IRQHandler
                0x00001526                DCDC_IRQHandler
                0x00001526                MODEM_IRQHandler
                0x00001526                Default_Handler
                0x00001526                RAC_SEQ_IRQHandler
                0x00001526                FRC_PRI_IRQHandler
                0x00001526                EMU_IRQHandler
                0x00001526                SW3_IRQHandler
                0x00001526                KERNEL0_IRQHandler
                0x00001526                FRC_IRQHandler
                0x00001526                KERNEL1_IRQHandler
                0x00001526                AGC_IRQHandler
                0x00001526                sl_app_properties
                0x00001526                BURTC_IRQHandler
                0x00001526                LFRCO_IRQHandler
                0x00001526                USART0_RX_IRQHandler
                0x00001526                MemManage_Handler
                0x00001526                RDMAILBOX_IRQHandler
                0x00001526                SVC_Handler
                0x00001526                RTCC_IRQHandler
                0x00001526                SMU_S_PRIVILEGED_IRQHandler
                0x00001526                SW1_IRQHandler
                0x00001526                CMU_IRQHandler
                0x00001526                RAC_RSM_IRQHandler
                0x00001526                EUART0_TX_IRQHandler
                0x00001526                EUART0_RX_IRQHandler
                0x00001526                GPIO_ODD_IRQHandler
                0x00001526                AES_IRQHandler
                0x00001526                M33CTI0_IRQHandler
                0x00001526                ICACHE0_IRQHandler
                0x00001526                SMU_NS_PRIVILEGED_IRQHandler
                0x00001526                PROTIMER_IRQHandler
                0x00001526                BusFault_Handler
                0x00001526                TRNG_IRQHandler
 .text.SystemCLKIN0Get
                0x00001528        0x4 ./gecko_sdk_4.3.0/platform/Device/SiliconLabs/BGM22/Source/system_bgm22.o
                0x00001528                SystemCLKIN0Get
 .text.SystemLFRCOClockGet
                0x0000152c        0x6 ./gecko_sdk_4.3.0/platform/Device/SiliconLabs/BGM22/Source/system_bgm22.o
                0x0000152c                SystemLFRCOClockGet
 .text.SystemULFRCOClockGet
                0x00001532        0x6 ./gecko_sdk_4.3.0/platform/Device/SiliconLabs/BGM22/Source/system_bgm22.o
                0x00001532                SystemULFRCOClockGet
 .text.assertEFM
                0x00001538        0x2 ./gecko_sdk_4.3.0/platform/common/src/sl_assert.o
                0x00001538                assertEFM
 .text.waitStateMax
                0x0000153a       0x10 ./gecko_sdk_4.3.0/platform/emlib/src/em_cmu.o
 .text.CMU_UpdateWaitStates
                0x0000154a        0xc ./gecko_sdk_4.3.0/platform/emlib/src/em_cmu.o
                0x0000154a                CMU_UpdateWaitStates
 .text.pclkDivMax
                0x00001556        0xa ./gecko_sdk_4.3.0/platform/emlib/src/em_cmu.o
 .text.sli_em_cmu_SYSCLKInitPostClockSelect
                0x00001560       0x2a ./gecko_sdk_4.3.0/platform/emlib/src/em_cmu.o
                0x00001560                sli_em_cmu_SYSCLKInitPostClockSelect
 .text.CORE_EnterCritical
                0x0000158a        0x8 ./gecko_sdk_4.3.0/platform/emlib/src/em_core.o
                0x0000158a                CORE_EnterCritical
 .text.CORE_ExitCritical
                0x00001592        0x6 ./gecko_sdk_4.3.0/platform/emlib/src/em_core.o
                0x00001592                CORE_ExitCritical
 .text.EMU_EFPEM01VScale
                0x00001598        0x2 ./gecko_sdk_4.3.0/platform/emlib/src/em_emu.o
                0x00001598                EMU_EFPEM01VScale
 .text.EMU_DCDCUpdatedHook
                0x0000159a        0x2 ./gecko_sdk_4.3.0/platform/emlib/src/em_emu.o
                0x0000159a                EMU_DCDCUpdatedHook
 .text.BUS_RegMaskedWrite
                0x0000159c       0x22 ./gecko_sdk_4.3.0/platform/emlib/src/em_gpio.o
 .text.sl_system_init
                0x000015be       0x1a ./gecko_sdk_4.3.0/platform/service/system/src/sl_system_init.o
                0x000015be                sl_system_init
 .text.sl_system_process_action
                0x000015d8       0x16 ./gecko_sdk_4.3.0/platform/service/system/src/sl_system_process_action.o
                0x000015d8                sl_system_process_action
 .text.memset   0x000015ee       0x10 h:/si/developer/toolchains/gnu_arm/10.3_2021.10/bin/../lib/gcc/arm-none-eabi/10.3.1/../../../../arm-none-eabi/lib/thumb/v8-m.main+fp/hard\libc_nano.a(lib_a-memset.o)
                0x000015ee                memset
                0x000015fe                linker_code_end = .
 *(.init)
 *fill*         0x000015fe        0x2 
 .init          0x00001600        0x4 h:/si/developer/toolchains/gnu_arm/10.3_2021.10/bin/../lib/gcc/arm-none-eabi/10.3.1/thumb/v8-m.main+fp/hard/crti.o
                0x00001600                _init
 .init          0x00001604        0x8 h:/si/developer/toolchains/gnu_arm/10.3_2021.10/bin/../lib/gcc/arm-none-eabi/10.3.1/thumb/v8-m.main+fp/hard/crtn.o
 *(.fini)
 .fini          0x0000160c        0x4 h:/si/developer/toolchains/gnu_arm/10.3_2021.10/bin/../lib/gcc/arm-none-eabi/10.3.1/thumb/v8-m.main+fp/hard/crti.o
                0x0000160c                _fini
 .fini          0x00001610        0x8 h:/si/developer/toolchains/gnu_arm/10.3_2021.10/bin/../lib/gcc/arm-none-eabi/10.3.1/thumb/v8-m.main+fp/hard/crtn.o
 *crtbegin.o(.ctors)
 *crtbegin?.o(.ctors)
 *(EXCLUDE_FILE(*crtend.o *crtend?.o) .ctors)
 *(SORT_BY_NAME(.ctors.*))
 *(.ctors)
 *crtbegin.o(.dtors)
 *crtbegin?.o(.dtors)
 *(EXCLUDE_FILE(*crtend.o *crtend?.o) .dtors)
 *(SORT_BY_NAME(.dtors.*))
 *(.dtors)
 *(.rodata*)
 .rodata.HFRCODPLLDevinfoGet.str1.1
                0x00001618       0x4b ./gecko_sdk_4.3.0/platform/emlib/src/em_cmu.o
 .rodata.EMU_VScaleEM01.str1.1
                0x00001663       0x4b ./gecko_sdk_4.3.0/platform/emlib/src/em_emu.o
 .rodata.GPIO_PinOutSet.str1.1
                0x000016ae       0x4c ./gecko_sdk_4.3.0/platform/emlib/src/em_gpio.o
 .rodata.GPIO_ExtIntConfig.str1.1
                0x000016fa       0x4c ./gecko_sdk_4.3.0/platform/emlib/src/em_gpio.o
 .rodata        0x00001746        0x8 ./gecko_sdk_4.3.0/platform/service/device_init/src/sl_device_init_dcdc_s2.o
 *fill*         0x0000174e        0x2 
 .rodata        0x00001750       0x28 ./gecko_sdk_4.3.0/platform/service/device_init/src/sl_device_init_hfxo_s2.o
 .rodata        0x00001778       0x14 ./gecko_sdk_4.3.0/platform/service/device_init/src/sl_device_init_lfxo_s2.o
 .rodata._global_impure_ptr
                0x0000178c        0x4 h:/si/developer/toolchains/gnu_arm/10.3_2021.10/bin/../lib/gcc/arm-none-eabi/10.3.1/../../../../arm-none-eabi/lib/thumb/v8-m.main+fp/hard\libc_nano.a(lib_a-impure.o)
                0x0000178c                _global_impure_ptr
 *(.eh_frame*)
 .eh_frame      0x00001790        0x0 h:/si/developer/toolchains/gnu_arm/10.3_2021.10/bin/../lib/gcc/arm-none-eabi/10.3.1/thumb/v8-m.main+fp/hard/crtbegin.o

.glue_7         0x00001790        0x0
 .glue_7        0x00001790        0x0 linker stubs

.glue_7t        0x00001790        0x0
 .glue_7t       0x00001790        0x0 linker stubs

.vfp11_veneer   0x00001790        0x0
 .vfp11_veneer  0x00001790        0x0 linker stubs

.v4_bx          0x00001790        0x0
 .v4_bx         0x00001790        0x0 linker stubs

.iplt           0x00001790        0x0
 .iplt          0x00001790        0x0 h:/si/developer/toolchains/gnu_arm/10.3_2021.10/bin/../lib/gcc/arm-none-eabi/10.3.1/thumb/v8-m.main+fp/hard/crtbegin.o

.ARM.extab
 *(.ARM.extab* .gnu.linkonce.armextab.*)
                0x00001790                __exidx_start = .

.ARM.exidx      0x00001790        0x8
 *(.ARM.exidx* .gnu.linkonce.armexidx.*)
 .ARM.exidx     0x00001790        0x8 h:/si/developer/toolchains/gnu_arm/10.3_2021.10/bin/../lib/gcc/arm-none-eabi/10.3.1/../../../../arm-none-eabi/lib/thumb/v8-m.main+fp/hard/crt0.o
                                 0x10 (size before relaxing)
                0x00001798                __exidx_end = .

.rel.dyn        0x00001798        0x0
 .rel.iplt      0x00001798        0x0 h:/si/developer/toolchains/gnu_arm/10.3_2021.10/bin/../lib/gcc/arm-none-eabi/10.3.1/thumb/v8-m.main+fp/hard/crtbegin.o

.copy.table     0x00001798        0xc
                0x00001798                . = ALIGN (0x4)
                0x00001798                __copy_table_start__ = .
                0x00001798        0x4 LONG 0x17a4 __etext
                0x0000179c        0x4 LONG 0x20001000 __data_start__
                0x000017a0        0x4 LONG 0x1f ((__data_end__ - __data_start__) / 0x4)
                0x000017a4                __copy_table_end__ = .

.zero.table     0x000017a4        0x0
                0x000017a4                . = ALIGN (0x4)
                0x000017a4                __zero_table_start__ = .
                0x000017a4                __zero_table_end__ = .
                0x000017a4                __etext = .
                0x20000000                . = ORIGIN (RAM)

.stack          0x20000000     0x1000
                0x20000000                __StackLimit = .
 *(.stack*)
 .stack         0x20000000     0x1000 ./gecko_sdk_4.3.0/platform/common/toolchain/src/sl_memory.o
                0x20001000                . = ALIGN (0x4)
                0x20001000                __StackTop = .
                0x20001000                PROVIDE (__stack = __StackTop)

.noinit
 *(.noinit*)

.data           0x20001000       0x7c load address 0x000017a4
                0x20001000                . = ALIGN (0x4)
                0x20001000                __data_start__ = .
 *(vtable)
 *(SORT_BY_ALIGNMENT(.data*))
 .data.SystemCoreClock
                0x20001000        0x4 ./gecko_sdk_4.3.0/platform/Device/SiliconLabs/BGM22/Source/system_bgm22.o
                0x20001000                SystemCoreClock
 .data.SystemHFRCODPLLClock
                0x20001004        0x4 ./gecko_sdk_4.3.0/platform/Device/SiliconLabs/BGM22/Source/system_bgm22.o
 .data.SystemHFXOClock
                0x20001008        0x4 ./gecko_sdk_4.3.0/platform/Device/SiliconLabs/BGM22/Source/system_bgm22.o
 .data.SystemLFXOClock
                0x2000100c        0x4 ./gecko_sdk_4.3.0/platform/Device/SiliconLabs/BGM22/Source/system_bgm22.o
 .data.impure_data
                0x20001010       0x60 h:/si/developer/toolchains/gnu_arm/10.3_2021.10/bin/../lib/gcc/arm-none-eabi/10.3.1/../../../../arm-none-eabi/lib/thumb/v8-m.main+fp/hard\libc_nano.a(lib_a-impure.o)
 .data.hfxo_precision
                0x20001070        0x2 ./gecko_sdk_4.3.0/platform/emlib/src/em_cmu.o
 .data.lfxo_precision
                0x20001072        0x2 ./gecko_sdk_4.3.0/platform/emlib/src/em_cmu.o
                0x20001074                . = ALIGN (0x4)
                [!provide]                PROVIDE (__ram_func_section_start = .)
 *(.ram)
                [!provide]                PROVIDE (__ram_func_section_end = .)
                0x20001074                . = ALIGN (0x4)
                0x20001074                PROVIDE (__preinit_array_start = .)
 *(.preinit_array)
                0x20001074                PROVIDE (__preinit_array_end = .)
                0x20001074                . = ALIGN (0x4)
                0x20001074                PROVIDE (__init_array_start = .)
 *(SORT_BY_NAME(.init_array.*))
 *(.init_array)
 .init_array    0x20001074        0x4 h:/si/developer/toolchains/gnu_arm/10.3_2021.10/bin/../lib/gcc/arm-none-eabi/10.3.1/thumb/v8-m.main+fp/hard/crtbegin.o
                0x20001078                PROVIDE (__init_array_end = .)
                0x20001078                . = ALIGN (0x4)
                [!provide]                PROVIDE (__fini_array_start = .)
 *(SORT_BY_NAME(.fini_array.*))
 *(.fini_array)
 .fini_array    0x20001078        0x4 h:/si/developer/toolchains/gnu_arm/10.3_2021.10/bin/../lib/gcc/arm-none-eabi/10.3.1/thumb/v8-m.main+fp/hard/crtbegin.o
                [!provide]                PROVIDE (__fini_array_end = .)
                0x2000107c                . = ALIGN (0x4)
                0x2000107c                __data_end__ = .

.igot.plt       0x2000107c        0x0 load address 0x00001820
 .igot.plt      0x2000107c        0x0 h:/si/developer/toolchains/gnu_arm/10.3_2021.10/bin/../lib/gcc/arm-none-eabi/10.3.1/thumb/v8-m.main+fp/hard/crtbegin.o

.bss            0x2000107c       0x20 load address 0x00001820
                0x2000107c                . = ALIGN (0x4)
                0x2000107c                __bss_start__ = .
 *(SORT_BY_ALIGNMENT(.bss*))
 .bss           0x2000107c       0x1c h:/si/developer/toolchains/gnu_arm/10.3_2021.10/bin/../lib/gcc/arm-none-eabi/10.3.1/thumb/v8-m.main+fp/hard/crtbegin.o
 .bss.ctuneDelta
                0x20001098        0x1 ./gecko_sdk_4.3.0/platform/emlib/src/em_cmu.o
 .bss.vScaleEM01Config
                0x20001099        0x1 ./gecko_sdk_4.3.0/platform/emlib/src/em_emu.o
 *(COMMON)
                0x2000109c                . = ALIGN (0x4)
 *fill*         0x2000109a        0x2 
                0x2000109c                __bss_end__ = .

.heap           0x200010a0      0x800
                0x200010a0                __HeapBase = .
                0x200010a0                __end__ = .
                0x200010a0                end = __end__
                0x200010a0                _end = __end__
 *(.heap*)
 .heap          0x200010a0      0x800 ./gecko_sdk_4.3.0/platform/common/toolchain/src/sl_memory.o
                0x20008000                __HeapLimit = (ORIGIN (RAM) + LENGTH (RAM))
                0x00006f60                __heap_size = (__HeapLimit - __HeapBase)
                0x20008000                __ram_end__ = 0x20008000
                0x0007e000                __main_flash_end__ = 0x7e000

.internal_storage
                0x000017a4        0x0
 *(.internal_storage*)

.nvm            0x000017a4        0x0
 *(.simee*)
                0x0007e000                linker_nvm_end = __main_flash_end__
                0x0007e000                linker_nvm_begin = (linker_nvm_end - SIZEOF (.nvm))
                0x00000000                linker_nvm_size = SIZEOF (.nvm)
                0x0007e000                linker_storage_end = linker_nvm_begin
                0x0007e000                __nvm3Base = linker_nvm_begin
                0x0007e000                linker_storage_begin = (linker_storage_end - SIZEOF (.internal_storage))
                0x00000000                linker_storage_size = SIZEOF (.internal_storage)
                0x00000001                ASSERT ((linker_storage_begin >= (__etext + SIZEOF (.data))), FLASH memory overflowed !)
OUTPUT(led.axf elf32-littlearm)
LOAD linker stubs

.ARM.attributes
                0x00000000       0x36
 .ARM.attributes
                0x00000000       0x22 h:/si/developer/toolchains/gnu_arm/10.3_2021.10/bin/../lib/gcc/arm-none-eabi/10.3.1/thumb/v8-m.main+fp/hard/crti.o
 .ARM.attributes
                0x00000022       0x38 h:/si/developer/toolchains/gnu_arm/10.3_2021.10/bin/../lib/gcc/arm-none-eabi/10.3.1/thumb/v8-m.main+fp/hard/crtbegin.o
 .ARM.attributes
                0x0000005a       0x20 h:/si/developer/toolchains/gnu_arm/10.3_2021.10/bin/../lib/gcc/arm-none-eabi/10.3.1/../../../../arm-none-eabi/lib/thumb/v8-m.main+fp/hard/crt0.o
 .ARM.attributes
                0x0000007a       0x3a ./app.o
 .ARM.attributes
                0x000000b4       0x3a ./main.o
 .ARM.attributes
                0x000000ee       0x3a ./autogen/sl_device_init_clocks.o
 .ARM.attributes
                0x00000128       0x3a ./autogen/sl_event_handler.o
 .ARM.attributes
                0x00000162       0x3a ./gecko_sdk_4.3.0/platform/Device/SiliconLabs/BGM22/Source/startup_bgm22.o
 .ARM.attributes
                0x0000019c       0x3a ./gecko_sdk_4.3.0/platform/Device/SiliconLabs/BGM22/Source/system_bgm22.o
 .ARM.attributes
                0x000001d6       0x3a ./gecko_sdk_4.3.0/platform/common/src/sl_assert.o
 .ARM.attributes
                0x00000210       0x3a ./gecko_sdk_4.3.0/platform/common/toolchain/src/sl_memory.o
 .ARM.attributes
                0x0000024a       0x3a ./gecko_sdk_4.3.0/platform/emlib/src/em_cmu.o
 .ARM.attributes
                0x00000284       0x3a ./gecko_sdk_4.3.0/platform/emlib/src/em_core.o
 .ARM.attributes
                0x000002be       0x3a ./gecko_sdk_4.3.0/platform/emlib/src/em_emu.o
 .ARM.attributes
                0x000002f8       0x3a ./gecko_sdk_4.3.0/platform/emlib/src/em_gpio.o
 .ARM.attributes
                0x00000332       0x3a ./gecko_sdk_4.3.0/platform/emlib/src/em_system.o
 .ARM.attributes
                0x0000036c       0x3a ./gecko_sdk_4.3.0/platform/service/device_init/src/sl_device_init_dcdc_s2.o
 .ARM.attributes
                0x000003a6       0x3a ./gecko_sdk_4.3.0/platform/service/device_init/src/sl_device_init_emu_s2.o
 .ARM.attributes
                0x000003e0       0x3a ./gecko_sdk_4.3.0/platform/service/device_init/src/sl_device_init_hfxo_s2.o
 .ARM.attributes
                0x0000041a       0x3a ./gecko_sdk_4.3.0/platform/service/device_init/src/sl_device_init_lfxo_s2.o
 .ARM.attributes
                0x00000454       0x3a ./gecko_sdk_4.3.0/platform/service/device_init/src/sl_device_init_nvic.o
 .ARM.attributes
                0x0000048e       0x3a ./gecko_sdk_4.3.0/platform/service/system/src/sl_system_init.o
 .ARM.attributes
                0x000004c8       0x3a ./gecko_sdk_4.3.0/platform/service/system/src/sl_system_process_action.o
 .ARM.attributes
                0x00000502       0x38 h:/si/developer/toolchains/gnu_arm/10.3_2021.10/bin/../lib/gcc/arm-none-eabi/10.3.1/../../../../arm-none-eabi/lib/thumb/v8-m.main+fp/hard\libc_nano.a(lib_a-exit.o)
 .ARM.attributes
                0x0000053a       0x38 h:/si/developer/toolchains/gnu_arm/10.3_2021.10/bin/../lib/gcc/arm-none-eabi/10.3.1/../../../../arm-none-eabi/lib/thumb/v8-m.main+fp/hard\libc_nano.a(lib_a-impure.o)
 .ARM.attributes
                0x00000572       0x38 h:/si/developer/toolchains/gnu_arm/10.3_2021.10/bin/../lib/gcc/arm-none-eabi/10.3.1/../../../../arm-none-eabi/lib/thumb/v8-m.main+fp/hard\libc_nano.a(lib_a-init.o)
 .ARM.attributes
                0x000005aa       0x38 h:/si/developer/toolchains/gnu_arm/10.3_2021.10/bin/../lib/gcc/arm-none-eabi/10.3.1/../../../../arm-none-eabi/lib/thumb/v8-m.main+fp/hard\libc_nano.a(lib_a-memset.o)
 .ARM.attributes
                0x000005e2       0x38 h:/si/developer/toolchains/gnu_arm/10.3_2021.10/bin/../lib/gcc/arm-none-eabi/10.3.1/../../../../arm-none-eabi/lib/thumb/v8-m.main+fp/hard\libnosys.a(_exit.o)
 .ARM.attributes
                0x0000061a       0x22 h:/si/developer/toolchains/gnu_arm/10.3_2021.10/bin/../lib/gcc/arm-none-eabi/10.3.1/thumb/v8-m.main+fp/hard/crtn.o

.comment        0x00000000       0x49
 .comment       0x00000000       0x49 ./app.o
                                 0x4a (size before relaxing)
 .comment       0x00000049       0x4a ./main.o
 .comment       0x00000049       0x4a ./autogen/sl_device_init_clocks.o
 .comment       0x00000049       0x4a ./autogen/sl_event_handler.o
 .comment       0x00000049       0x4a ./gecko_sdk_4.3.0/platform/Device/SiliconLabs/BGM22/Source/startup_bgm22.o
 .comment       0x00000049       0x4a ./gecko_sdk_4.3.0/platform/Device/SiliconLabs/BGM22/Source/system_bgm22.o
 .comment       0x00000049       0x4a ./gecko_sdk_4.3.0/platform/common/src/sl_assert.o
 .comment       0x00000049       0x4a ./gecko_sdk_4.3.0/platform/common/toolchain/src/sl_memory.o
 .comment       0x00000049       0x4a ./gecko_sdk_4.3.0/platform/emlib/src/em_cmu.o
 .comment       0x00000049       0x4a ./gecko_sdk_4.3.0/platform/emlib/src/em_core.o
 .comment       0x00000049       0x4a ./gecko_sdk_4.3.0/platform/emlib/src/em_emu.o
 .comment       0x00000049       0x4a ./gecko_sdk_4.3.0/platform/emlib/src/em_gpio.o
 .comment       0x00000049       0x4a ./gecko_sdk_4.3.0/platform/emlib/src/em_system.o
 .comment       0x00000049       0x4a ./gecko_sdk_4.3.0/platform/service/device_init/src/sl_device_init_dcdc_s2.o
 .comment       0x00000049       0x4a ./gecko_sdk_4.3.0/platform/service/device_init/src/sl_device_init_emu_s2.o
 .comment       0x00000049       0x4a ./gecko_sdk_4.3.0/platform/service/device_init/src/sl_device_init_hfxo_s2.o
 .comment       0x00000049       0x4a ./gecko_sdk_4.3.0/platform/service/device_init/src/sl_device_init_lfxo_s2.o
 .comment       0x00000049       0x4a ./gecko_sdk_4.3.0/platform/service/device_init/src/sl_device_init_nvic.o
 .comment       0x00000049       0x4a ./gecko_sdk_4.3.0/platform/service/system/src/sl_system_init.o
 .comment       0x00000049       0x4a ./gecko_sdk_4.3.0/platform/service/system/src/sl_system_process_action.o

.debug_info     0x00000000    0x18c31
 .debug_info    0x00000000     0x21a5 ./app.o
 .debug_info    0x000021a5       0xad ./main.o
 .debug_info    0x00002252     0x11f5 ./autogen/sl_device_init_clocks.o
 .debug_info    0x00003447      0xe24 ./autogen/sl_event_handler.o
 .debug_info    0x0000426b      0x327 ./gecko_sdk_4.3.0/platform/Device/SiliconLabs/BGM22/Source/startup_bgm22.o
 .debug_info    0x00004592     0x1fc0 ./gecko_sdk_4.3.0/platform/Device/SiliconLabs/BGM22/Source/system_bgm22.o
 .debug_info    0x00006552       0x86 ./gecko_sdk_4.3.0/platform/common/src/sl_assert.o
 .debug_info    0x000065d8      0x205 ./gecko_sdk_4.3.0/platform/common/toolchain/src/sl_memory.o
 .debug_info    0x000067dd     0x783f ./gecko_sdk_4.3.0/platform/emlib/src/em_cmu.o
 .debug_info    0x0000e01c     0x1398 ./gecko_sdk_4.3.0/platform/emlib/src/em_core.o
 .debug_info    0x0000f3b4     0x3afc ./gecko_sdk_4.3.0/platform/emlib/src/em_emu.o
 .debug_info    0x00012eb0     0x2182 ./gecko_sdk_4.3.0/platform/emlib/src/em_gpio.o
 .debug_info    0x00015032     0x1b6a ./gecko_sdk_4.3.0/platform/emlib/src/em_system.o
 .debug_info    0x00016b9c      0x2b5 ./gecko_sdk_4.3.0/platform/service/device_init/src/sl_device_init_dcdc_s2.o
 .debug_info    0x00016e51      0x9a7 ./gecko_sdk_4.3.0/platform/service/device_init/src/sl_device_init_emu_s2.o
 .debug_info    0x000177f8      0x864 ./gecko_sdk_4.3.0/platform/service/device_init/src/sl_device_init_hfxo_s2.o
 .debug_info    0x0001805c      0x271 ./gecko_sdk_4.3.0/platform/service/device_init/src/sl_device_init_lfxo_s2.o
 .debug_info    0x000182cd      0x807 ./gecko_sdk_4.3.0/platform/service/device_init/src/sl_device_init_nvic.o
 .debug_info    0x00018ad4       0xba ./gecko_sdk_4.3.0/platform/service/system/src/sl_system_init.o
 .debug_info    0x00018b8e       0xa3 ./gecko_sdk_4.3.0/platform/service/system/src/sl_system_process_action.o

.debug_abbrev   0x00000000     0x2546
 .debug_abbrev  0x00000000      0x246 ./app.o
 .debug_abbrev  0x00000246       0x5e ./main.o
 .debug_abbrev  0x000002a4       0xe1 ./autogen/sl_device_init_clocks.o
 .debug_abbrev  0x00000385      0x16a ./autogen/sl_event_handler.o
 .debug_abbrev  0x000004ef      0x1c9 ./gecko_sdk_4.3.0/platform/Device/SiliconLabs/BGM22/Source/startup_bgm22.o
 .debug_abbrev  0x000006b8      0x325 ./gecko_sdk_4.3.0/platform/Device/SiliconLabs/BGM22/Source/system_bgm22.o
 .debug_abbrev  0x000009dd       0x6c ./gecko_sdk_4.3.0/platform/common/src/sl_assert.o
 .debug_abbrev  0x00000a49      0x11e ./gecko_sdk_4.3.0/platform/common/toolchain/src/sl_memory.o
 .debug_abbrev  0x00000b67      0x58c ./gecko_sdk_4.3.0/platform/emlib/src/em_cmu.o
 .debug_abbrev  0x000010f3      0x329 ./gecko_sdk_4.3.0/platform/emlib/src/em_core.o
 .debug_abbrev  0x0000141c      0x4f4 ./gecko_sdk_4.3.0/platform/emlib/src/em_emu.o
 .debug_abbrev  0x00001910      0x314 ./gecko_sdk_4.3.0/platform/emlib/src/em_gpio.o
 .debug_abbrev  0x00001c24      0x2a6 ./gecko_sdk_4.3.0/platform/emlib/src/em_system.o
 .debug_abbrev  0x00001eca       0xe0 ./gecko_sdk_4.3.0/platform/service/device_init/src/sl_device_init_dcdc_s2.o
 .debug_abbrev  0x00001faa      0x13a ./gecko_sdk_4.3.0/platform/service/device_init/src/sl_device_init_emu_s2.o
 .debug_abbrev  0x000020e4      0x171 ./gecko_sdk_4.3.0/platform/service/device_init/src/sl_device_init_hfxo_s2.o
 .debug_abbrev  0x00002255       0xef ./gecko_sdk_4.3.0/platform/service/device_init/src/sl_device_init_lfxo_s2.o
 .debug_abbrev  0x00002344      0x144 ./gecko_sdk_4.3.0/platform/service/device_init/src/sl_device_init_nvic.o
 .debug_abbrev  0x00002488       0x5f ./gecko_sdk_4.3.0/platform/service/system/src/sl_system_init.o
 .debug_abbrev  0x000024e7       0x5f ./gecko_sdk_4.3.0/platform/service/system/src/sl_system_process_action.o

.debug_loc      0x00000000     0x5a11
 .debug_loc     0x00000000       0x95 ./app.o
 .debug_loc     0x00000095       0x20 ./main.o
 .debug_loc     0x000000b5       0x20 ./autogen/sl_device_init_clocks.o
 .debug_loc     0x000000d5       0x49 ./autogen/sl_event_handler.o
 .debug_loc     0x0000011e       0x8e ./gecko_sdk_4.3.0/platform/Device/SiliconLabs/BGM22/Source/startup_bgm22.o
 .debug_loc     0x000001ac      0x111 ./gecko_sdk_4.3.0/platform/Device/SiliconLabs/BGM22/Source/system_bgm22.o
 .debug_loc     0x000002bd       0x2a ./gecko_sdk_4.3.0/platform/common/src/sl_assert.o
 .debug_loc     0x000002e7       0x9c ./gecko_sdk_4.3.0/platform/common/toolchain/src/sl_memory.o
 .debug_loc     0x00000383     0x35b8 ./gecko_sdk_4.3.0/platform/emlib/src/em_cmu.o
 .debug_loc     0x0000393b      0x8d6 ./gecko_sdk_4.3.0/platform/emlib/src/em_core.o
 .debug_loc     0x00004211      0x924 ./gecko_sdk_4.3.0/platform/emlib/src/em_emu.o
 .debug_loc     0x00004b35      0xb55 ./gecko_sdk_4.3.0/platform/emlib/src/em_gpio.o
 .debug_loc     0x0000568a      0x176 ./gecko_sdk_4.3.0/platform/emlib/src/em_system.o
 .debug_loc     0x00005800       0x2c ./gecko_sdk_4.3.0/platform/service/device_init/src/sl_device_init_dcdc_s2.o
 .debug_loc     0x0000582c       0x2c ./gecko_sdk_4.3.0/platform/service/device_init/src/sl_device_init_emu_s2.o
 .debug_loc     0x00005858       0xba ./gecko_sdk_4.3.0/platform/service/device_init/src/sl_device_init_hfxo_s2.o
 .debug_loc     0x00005912       0x38 ./gecko_sdk_4.3.0/platform/service/device_init/src/sl_device_init_lfxo_s2.o
 .debug_loc     0x0000594a       0x6f ./gecko_sdk_4.3.0/platform/service/device_init/src/sl_device_init_nvic.o
 .debug_loc     0x000059b9       0x2c ./gecko_sdk_4.3.0/platform/service/system/src/sl_system_init.o
 .debug_loc     0x000059e5       0x2c ./gecko_sdk_4.3.0/platform/service/system/src/sl_system_process_action.o

.debug_aranges  0x00000000      0x6f0
 .debug_aranges
                0x00000000       0x28 ./app.o
 .debug_aranges
                0x00000028       0x20 ./main.o
 .debug_aranges
                0x00000048       0x20 ./autogen/sl_device_init_clocks.o
 .debug_aranges
                0x00000068       0x28 ./autogen/sl_event_handler.o
 .debug_aranges
                0x00000090       0x28 ./gecko_sdk_4.3.0/platform/Device/SiliconLabs/BGM22/Source/startup_bgm22.o
 .debug_aranges
                0x000000b8       0x88 ./gecko_sdk_4.3.0/platform/Device/SiliconLabs/BGM22/Source/system_bgm22.o
 .debug_aranges
                0x00000140       0x20 ./gecko_sdk_4.3.0/platform/common/src/sl_assert.o
 .debug_aranges
                0x00000160       0x30 ./gecko_sdk_4.3.0/platform/common/toolchain/src/sl_memory.o
 .debug_aranges
                0x00000190      0x1b8 ./gecko_sdk_4.3.0/platform/emlib/src/em_cmu.o
 .debug_aranges
                0x00000348       0xe8 ./gecko_sdk_4.3.0/platform/emlib/src/em_core.o
 .debug_aranges
                0x00000430      0x100 ./gecko_sdk_4.3.0/platform/emlib/src/em_emu.o
 .debug_aranges
                0x00000530       0x68 ./gecko_sdk_4.3.0/platform/emlib/src/em_gpio.o
 .debug_aranges
                0x00000598       0x78 ./gecko_sdk_4.3.0/platform/emlib/src/em_system.o
 .debug_aranges
                0x00000610       0x20 ./gecko_sdk_4.3.0/platform/service/device_init/src/sl_device_init_dcdc_s2.o
 .debug_aranges
                0x00000630       0x20 ./gecko_sdk_4.3.0/platform/service/device_init/src/sl_device_init_emu_s2.o
 .debug_aranges
                0x00000650       0x20 ./gecko_sdk_4.3.0/platform/service/device_init/src/sl_device_init_hfxo_s2.o
 .debug_aranges
                0x00000670       0x20 ./gecko_sdk_4.3.0/platform/service/device_init/src/sl_device_init_lfxo_s2.o
 .debug_aranges
                0x00000690       0x20 ./gecko_sdk_4.3.0/platform/service/device_init/src/sl_device_init_nvic.o
 .debug_aranges
                0x000006b0       0x20 ./gecko_sdk_4.3.0/platform/service/system/src/sl_system_init.o
 .debug_aranges
                0x000006d0       0x20 ./gecko_sdk_4.3.0/platform/service/system/src/sl_system_process_action.o

.debug_ranges   0x00000000      0xad8
 .debug_ranges  0x00000000       0x60 ./app.o
 .debug_ranges  0x00000060       0x10 ./main.o
 .debug_ranges  0x00000070       0x10 ./autogen/sl_device_init_clocks.o
 .debug_ranges  0x00000080       0x18 ./autogen/sl_event_handler.o
 .debug_ranges  0x00000098       0x80 ./gecko_sdk_4.3.0/platform/Device/SiliconLabs/BGM22/Source/startup_bgm22.o
 .debug_ranges  0x00000118       0x90 ./gecko_sdk_4.3.0/platform/Device/SiliconLabs/BGM22/Source/system_bgm22.o
 .debug_ranges  0x000001a8       0x10 ./gecko_sdk_4.3.0/platform/common/src/sl_assert.o
 .debug_ranges  0x000001b8       0x20 ./gecko_sdk_4.3.0/platform/common/toolchain/src/sl_memory.o
 .debug_ranges  0x000001d8      0x338 ./gecko_sdk_4.3.0/platform/emlib/src/em_cmu.o
 .debug_ranges  0x00000510      0x1a0 ./gecko_sdk_4.3.0/platform/emlib/src/em_core.o
 .debug_ranges  0x000006b0      0x290 ./gecko_sdk_4.3.0/platform/emlib/src/em_emu.o
 .debug_ranges  0x00000940       0x70 ./gecko_sdk_4.3.0/platform/emlib/src/em_gpio.o
 .debug_ranges  0x000009b0       0x80 ./gecko_sdk_4.3.0/platform/emlib/src/em_system.o
 .debug_ranges  0x00000a30       0x10 ./gecko_sdk_4.3.0/platform/service/device_init/src/sl_device_init_dcdc_s2.o
 .debug_ranges  0x00000a40       0x10 ./gecko_sdk_4.3.0/platform/service/device_init/src/sl_device_init_emu_s2.o
 .debug_ranges  0x00000a50       0x10 ./gecko_sdk_4.3.0/platform/service/device_init/src/sl_device_init_hfxo_s2.o
 .debug_ranges  0x00000a60       0x10 ./gecko_sdk_4.3.0/platform/service/device_init/src/sl_device_init_lfxo_s2.o
 .debug_ranges  0x00000a70       0x48 ./gecko_sdk_4.3.0/platform/service/device_init/src/sl_device_init_nvic.o
 .debug_ranges  0x00000ab8       0x10 ./gecko_sdk_4.3.0/platform/service/system/src/sl_system_init.o
 .debug_ranges  0x00000ac8       0x10 ./gecko_sdk_4.3.0/platform/service/system/src/sl_system_process_action.o

.debug_line     0x00000000     0x6e66
 .debug_line    0x00000000      0x30c ./app.o
 .debug_line    0x0000030c       0xe2 ./main.o
 .debug_line    0x000003ee      0x256 ./autogen/sl_device_init_clocks.o
 .debug_line    0x00000644      0x32e ./autogen/sl_event_handler.o
 .debug_line    0x00000972      0x2b9 ./gecko_sdk_4.3.0/platform/Device/SiliconLabs/BGM22/Source/startup_bgm22.o
 .debug_line    0x00000c2b      0x4f4 ./gecko_sdk_4.3.0/platform/Device/SiliconLabs/BGM22/Source/system_bgm22.o
 .debug_line    0x0000111f       0xa1 ./gecko_sdk_4.3.0/platform/common/src/sl_assert.o
 .debug_line    0x000011c0      0x27e ./gecko_sdk_4.3.0/platform/common/toolchain/src/sl_memory.o
 .debug_line    0x0000143e     0x28c8 ./gecko_sdk_4.3.0/platform/emlib/src/em_cmu.o
 .debug_line    0x00003d06      0xa23 ./gecko_sdk_4.3.0/platform/emlib/src/em_core.o
 .debug_line    0x00004729      0xdc8 ./gecko_sdk_4.3.0/platform/emlib/src/em_emu.o
 .debug_line    0x000054f1      0x717 ./gecko_sdk_4.3.0/platform/emlib/src/em_gpio.o
 .debug_line    0x00005c08      0x45b ./gecko_sdk_4.3.0/platform/emlib/src/em_system.o
 .debug_line    0x00006063      0x205 ./gecko_sdk_4.3.0/platform/service/device_init/src/sl_device_init_dcdc_s2.o
 .debug_line    0x00006268      0x284 ./gecko_sdk_4.3.0/platform/service/device_init/src/sl_device_init_emu_s2.o
 .debug_line    0x000064ec      0x2de ./gecko_sdk_4.3.0/platform/service/device_init/src/sl_device_init_hfxo_s2.o
 .debug_line    0x000067ca      0x216 ./gecko_sdk_4.3.0/platform/service/device_init/src/sl_device_init_lfxo_s2.o
 .debug_line    0x000069e0      0x2d5 ./gecko_sdk_4.3.0/platform/service/device_init/src/sl_device_init_nvic.o
 .debug_line    0x00006cb5       0xd4 ./gecko_sdk_4.3.0/platform/service/system/src/sl_system_init.o
 .debug_line    0x00006d89       0xdd ./gecko_sdk_4.3.0/platform/service/system/src/sl_system_process_action.o

.debug_str      0x00000000     0x5d1b
 .debug_str     0x00000000     0x18ba ./app.o
                               0x1a2c (size before relaxing)
 .debug_str     0x000018ba       0x37 ./main.o
                                0x176 (size before relaxing)
 .debug_str     0x000018f1      0x115 ./autogen/sl_device_init_clocks.o
                                0xc32 (size before relaxing)
 .debug_str     0x00001a06      0x140 ./autogen/sl_event_handler.o
                                0xc4d (size before relaxing)
 .debug_str     0x00001b46      0x15d ./gecko_sdk_4.3.0/platform/Device/SiliconLabs/BGM22/Source/startup_bgm22.o
                                0x31f (size before relaxing)
 .debug_str     0x00001ca3      0x9e6 ./gecko_sdk_4.3.0/platform/Device/SiliconLabs/BGM22/Source/system_bgm22.o
                               0x1527 (size before relaxing)
 .debug_str     0x00002689       0x63 ./gecko_sdk_4.3.0/platform/common/src/sl_assert.o
                                0x18b (size before relaxing)
 .debug_str     0x000026ec       0xff ./gecko_sdk_4.3.0/platform/common/toolchain/src/sl_memory.o
                                0x2c5 (size before relaxing)
 .debug_str     0x000027eb     0x1997 ./gecko_sdk_4.3.0/platform/emlib/src/em_cmu.o
                               0x3585 (size before relaxing)
 .debug_str     0x00004182      0x341 ./gecko_sdk_4.3.0/platform/emlib/src/em_core.o
                                0xa84 (size before relaxing)
 .debug_str     0x000044c3      0xa98 ./gecko_sdk_4.3.0/platform/emlib/src/em_emu.o
                               0x2417 (size before relaxing)
 .debug_str     0x00004f5b      0x140 ./gecko_sdk_4.3.0/platform/emlib/src/em_gpio.o
                               0x1359 (size before relaxing)
 .debug_str     0x0000509b      0x344 ./gecko_sdk_4.3.0/platform/emlib/src/em_system.o
                               0x139d (size before relaxing)
 .debug_str     0x000053df       0x69 ./gecko_sdk_4.3.0/platform/service/device_init/src/sl_device_init_dcdc_s2.o
                                0x63d (size before relaxing)
 .debug_str     0x00005448       0x71 ./gecko_sdk_4.3.0/platform/service/device_init/src/sl_device_init_emu_s2.o
                                0x81d (size before relaxing)
 .debug_str     0x000054b9      0x540 ./gecko_sdk_4.3.0/platform/service/device_init/src/sl_device_init_hfxo_s2.o
                                0xbcf (size before relaxing)
 .debug_str     0x000059f9      0x1de ./gecko_sdk_4.3.0/platform/service/device_init/src/sl_device_init_lfxo_s2.o
                                0x4ab (size before relaxing)
 .debug_str     0x00005bd7       0x82 ./gecko_sdk_4.3.0/platform/service/device_init/src/sl_device_init_nvic.o
                                0x77f (size before relaxing)
 .debug_str     0x00005c59       0x5c ./gecko_sdk_4.3.0/platform/service/system/src/sl_system_init.o
                                0x1e1 (size before relaxing)
 .debug_str     0x00005cb5       0x66 ./gecko_sdk_4.3.0/platform/service/system/src/sl_system_process_action.o
                                0x20e (size before relaxing)

.debug_frame    0x00000000     0x11a0
 .debug_frame   0x00000000       0x38 ./app.o
 .debug_frame   0x00000038       0x28 ./main.o
 .debug_frame   0x00000060       0x28 ./autogen/sl_device_init_clocks.o
 .debug_frame   0x00000088       0xac ./autogen/sl_event_handler.o
 .debug_frame   0x00000134       0x38 ./gecko_sdk_4.3.0/platform/Device/SiliconLabs/BGM22/Source/startup_bgm22.o
 .debug_frame   0x0000016c      0x100 ./gecko_sdk_4.3.0/platform/Device/SiliconLabs/BGM22/Source/system_bgm22.o
 .debug_frame   0x0000026c       0x20 ./gecko_sdk_4.3.0/platform/common/src/sl_assert.o
 .debug_frame   0x0000028c       0x40 ./gecko_sdk_4.3.0/platform/common/toolchain/src/sl_memory.o
 .debug_frame   0x000002cc      0x56c ./gecko_sdk_4.3.0/platform/emlib/src/em_cmu.o
 .debug_frame   0x00000838      0x244 ./gecko_sdk_4.3.0/platform/emlib/src/em_core.o
 .debug_frame   0x00000a7c      0x314 ./gecko_sdk_4.3.0/platform/emlib/src/em_emu.o
 .debug_frame   0x00000d90      0x16c ./gecko_sdk_4.3.0/platform/emlib/src/em_gpio.o
 .debug_frame   0x00000efc       0xd8 ./gecko_sdk_4.3.0/platform/emlib/src/em_system.o
 .debug_frame   0x00000fd4       0x28 ./gecko_sdk_4.3.0/platform/service/device_init/src/sl_device_init_dcdc_s2.o
 .debug_frame   0x00000ffc       0x2c ./gecko_sdk_4.3.0/platform/service/device_init/src/sl_device_init_emu_s2.o
 .debug_frame   0x00001028       0x34 ./gecko_sdk_4.3.0/platform/service/device_init/src/sl_device_init_hfxo_s2.o
 .debug_frame   0x0000105c       0x30 ./gecko_sdk_4.3.0/platform/service/device_init/src/sl_device_init_lfxo_s2.o
 .debug_frame   0x0000108c       0x28 ./gecko_sdk_4.3.0/platform/service/device_init/src/sl_device_init_nvic.o
 .debug_frame   0x000010b4       0x2c ./gecko_sdk_4.3.0/platform/service/system/src/sl_system_init.o
 .debug_frame   0x000010e0       0x2c ./gecko_sdk_4.3.0/platform/service/system/src/sl_system_process_action.o
 .debug_frame   0x0000110c       0x28 h:/si/developer/toolchains/gnu_arm/10.3_2021.10/bin/../lib/gcc/arm-none-eabi/10.3.1/../../../../arm-none-eabi/lib/thumb/v8-m.main+fp/hard\libc_nano.a(lib_a-exit.o)
 .debug_frame   0x00001134       0x2c h:/si/developer/toolchains/gnu_arm/10.3_2021.10/bin/../lib/gcc/arm-none-eabi/10.3.1/../../../../arm-none-eabi/lib/thumb/v8-m.main+fp/hard\libc_nano.a(lib_a-init.o)
 .debug_frame   0x00001160       0x20 h:/si/developer/toolchains/gnu_arm/10.3_2021.10/bin/../lib/gcc/arm-none-eabi/10.3.1/../../../../arm-none-eabi/lib/thumb/v8-m.main+fp/hard\libc_nano.a(lib_a-memset.o)
 .debug_frame   0x00001180       0x20 h:/si/developer/toolchains/gnu_arm/10.3_2021.10/bin/../lib/gcc/arm-none-eabi/10.3.1/../../../../arm-none-eabi/lib/thumb/v8-m.main+fp/hard\libnosys.a(_exit.o)
